Component: ARM Compiler 5.06 update 6 (build 750) Tool: armlink [4d35ed]

==============================================================================

Section Cross References

    startup_stm32f103xb.o(RESET) refers to startup_stm32f103xb.o(STACK) for __initial_sp
    startup_stm32f103xb.o(RESET) refers to startup_stm32f103xb.o(.text) for Reset_Handler
    startup_stm32f103xb.o(RESET) refers to stm32f1xx_it.o(i.NMI_Handler) for NMI_Handler
    startup_stm32f103xb.o(RESET) refers to stm32f1xx_it.o(i.HardFault_Handler) for HardFault_Handler
    startup_stm32f103xb.o(RESET) refers to stm32f1xx_it.o(i.MemManage_Handler) for MemManage_Handler
    startup_stm32f103xb.o(RESET) refers to stm32f1xx_it.o(i.BusFault_Handler) for BusFault_Handler
    startup_stm32f103xb.o(RESET) refers to stm32f1xx_it.o(i.UsageFault_Handler) for UsageFault_Handler
    startup_stm32f103xb.o(RESET) refers to stm32f1xx_it.o(i.SVC_Handler) for SVC_Handler
    startup_stm32f103xb.o(RESET) refers to stm32f1xx_it.o(i.DebugMon_Handler) for DebugMon_Handler
    startup_stm32f103xb.o(RESET) refers to stm32f1xx_it.o(i.PendSV_Handler) for PendSV_Handler
    startup_stm32f103xb.o(RESET) refers to stm32f1xx_it.o(i.SysTick_Handler) for SysTick_Handler
    startup_stm32f103xb.o(RESET) refers to stm32f1xx_it.o(i.EXTI9_5_IRQHandler) for EXTI9_5_IRQHandler
    startup_stm32f103xb.o(RESET) refers to stm32f1xx_it.o(i.TIM2_IRQHandler) for TIM2_IRQHandler
    startup_stm32f103xb.o(RESET) refers to stm32f1xx_it.o(i.I2C1_EV_IRQHandler) for I2C1_EV_IRQHandler
    startup_stm32f103xb.o(RESET) refers to stm32f1xx_it.o(i.I2C1_ER_IRQHandler) for I2C1_ER_IRQHandler
    startup_stm32f103xb.o(RESET) refers to stm32f1xx_it.o(i.USART1_IRQHandler) for USART1_IRQHandler
    startup_stm32f103xb.o(RESET) refers to stm32f1xx_it.o(i.USART2_IRQHandler) for USART2_IRQHandler
    startup_stm32f103xb.o(RESET) refers to stm32f1xx_it.o(i.EXTI15_10_IRQHandler) for EXTI15_10_IRQHandler
    startup_stm32f103xb.o(.text) refers to system_stm32f1xx.o(i.SystemInit) for SystemInit
    startup_stm32f103xb.o(.text) refers to entry.o(.ARM.Collect$$$$00000000) for __main
    display.o(i.ShowInfor) refers to lcd.o(i.CLCD_I2C_Clear) for CLCD_I2C_Clear
    display.o(i.ShowInfor) refers to lcd.o(i.CLCD_I2C_Init) for CLCD_I2C_Init
    display.o(i.ShowInfor) refers to lcd.o(i.CLCD_I2C_SetCursor) for CLCD_I2C_SetCursor
    display.o(i.ShowInfor) refers to lcd.o(i.CLCD_I2C_WriteString) for CLCD_I2C_WriteString
    display.o(i.ShowInfor) refers to printfa.o(i.__0sprintf) for __2sprintf
    display.o(i.ShowInfor) refers to lcd.o(i.CCG) for CCG
    display.o(i.ShowInfor) refers to lcd.o(.bss) for LCD1
    display.o(i.ShowInfor) refers to i2c.o(.bss) for hi2c1
    display.o(i.ShowInfor) refers to main.o(.bss) for IDnumber
    display.o(i.ShowInfor) refers to display.o(.bss) for .bss
    display.o(i.ShowPower) refers to lcd.o(i.CLCD_I2C_Clear) for CLCD_I2C_Clear
    display.o(i.ShowPower) refers to lcd.o(i.CLCD_I2C_Init) for CLCD_I2C_Init
    display.o(i.ShowPower) refers to lcd.o(i.CLCD_I2C_SetCursor) for CLCD_I2C_SetCursor
    display.o(i.ShowPower) refers to lcd.o(i.CLCD_I2C_WriteString) for CLCD_I2C_WriteString
    display.o(i.ShowPower) refers to printfa.o(i.__0sprintf) for __2sprintf
    display.o(i.ShowPower) refers to strlen.o(.text) for strlen
    display.o(i.ShowPower) refers to lcd.o(.bss) for LCD1
    display.o(i.ShowPower) refers to i2c.o(.bss) for hi2c1
    display.o(i.ShowPower) refers to solar.o(.bss) for Pdischarge
    display.o(i.ShowPower) refers to display.o(.bss) for .bss
    display.o(i.ShowPower) refers to display.o(.data) for .data
    display.o(i.ShowSeaWatch) refers to lcd.o(i.CLCD_I2C_Clear) for CLCD_I2C_Clear
    display.o(i.ShowSeaWatch) refers to lcd.o(i.CLCD_I2C_Init) for CLCD_I2C_Init
    display.o(i.ShowSeaWatch) refers to lcd.o(i.CLCD_I2C_SetCursor) for CLCD_I2C_SetCursor
    display.o(i.ShowSeaWatch) refers to lcd.o(i.CLCD_I2C_WriteString) for CLCD_I2C_WriteString
    display.o(i.ShowSeaWatch) refers to f2d.o(.text) for __aeabi_f2d
    display.o(i.ShowSeaWatch) refers to printfa.o(i.__0sprintf) for __2sprintf
    display.o(i.ShowSeaWatch) refers to strlen.o(.text) for strlen
    display.o(i.ShowSeaWatch) refers to lcd.o(.bss) for LCD1
    display.o(i.ShowSeaWatch) refers to i2c.o(.bss) for hi2c1
    display.o(i.ShowSeaWatch) refers to main.o(.data) for PH
    display.o(i.ShowSeaWatch) refers to main.o(.data) for temp_l
    display.o(i.ShowSeaWatch) refers to display.o(.bss) for .bss
    display.o(i.ShowSeaWatch) refers to display.o(.data) for .data
    display.o(i.ShowSeaWatch) refers to main.o(.data) for WaveAmplitude
    display.o(i.UpdateInfor) refers to lcd.o(i.CLCD_I2C_SetCursor) for CLCD_I2C_SetCursor
    display.o(i.UpdateInfor) refers to atof.o(i.atof) for atof
    display.o(i.UpdateInfor) refers to dflti.o(.text) for __aeabi_i2d
    display.o(i.UpdateInfor) refers to cdrcmple.o(.text) for __aeabi_cdrcmple
[...]
    i.SaveCCG                                0x08004fe4   Section        0  lcd.o(i.SaveCCG)
    i.ShowInfor                              0x08005010   Section        0  display.o(i.ShowInfor)
    i.ShowPower                              0x080050cc   Section        0  display.o(i.ShowPower)
    i.ShowSeaWatch                           0x080051b0   Section        0  display.o(i.ShowSeaWatch)
    i.Sim_Bearer_Configure                   0x080052d8   Section        0  sim808.o(i.Sim_Bearer_Configure)
    i.Sim_Bearer_Dis                         0x080053bc   Section        0  sim808.o(i.Sim_Bearer_Dis)
    i.Sim_Get_Phonenumber                    0x08005424   Section        0  sim808.o(i.Sim_Get_Phonenumber)
    i.Sim_HTTP_Post                          0x080054cc   Section        0  sim808.o(i.Sim_HTTP_Post)
    i.Sim_SendCommand                        0x080056ac   Section        0  sim808.o(i.Sim_SendCommand)
    i.Sim_init                               0x0800577c   Section        0  sim808.o(i.Sim_init)
    i.SysTick_Handler                        0x080058c8   Section        0  stm32f1xx_it.o(i.SysTick_Handler)
    i.SystemClock_Config                     0x080058cc   Section        0  main.o(i.SystemClock_Config)
    i.SystemInit                             0x0800594e   Section        0  system_stm32f1xx.o(i.SystemInit)
    i.TIM2_IRQHandler                        0x08005950   Section        0  stm32f1xx_it.o(i.TIM2_IRQHandler)
    i.TIM_Base_SetConfig                     0x0800595c   Section        0  stm32f1xx_hal_tim.o(i.TIM_Base_SetConfig)
    i.TIM_ETR_SetConfig                      0x080059c8   Section        0  stm32f1xx_hal_tim.o(i.TIM_ETR_SetConfig)
    i.TIM_ITRx_SetConfig                     0x080059dc   Section        0  stm32f1xx_hal_tim.o(i.TIM_ITRx_SetConfig)
    TIM_ITRx_SetConfig                       0x080059dd   Thumb Code    16  stm32f1xx_hal_tim.o(i.TIM_ITRx_SetConfig)
    i.TIM_TI1_ConfigInputStage               0x080059ec   Section        0  stm32f1xx_hal_tim.o(i.TIM_TI1_ConfigInputStage)
    TIM_TI1_ConfigInputStage                 0x080059ed   Thumb Code    34  stm32f1xx_hal_tim.o(i.TIM_TI1_ConfigInputStage)
    i.TIM_TI2_ConfigInputStage               0x08005a0e   Section        0  stm32f1xx_hal_tim.o(i.TIM_TI2_ConfigInputStage)
    TIM_TI2_ConfigInputStage                 0x08005a0f   Thumb Code    36  stm32f1xx_hal_tim.o(i.TIM_TI2_ConfigInputStage)
    i.UART_DMAAbortOnError                   0x08005a32   Section        0  stm32f1xx_hal_uart.o(i.UART_DMAAbortOnError)
    UART_DMAAbortOnError                     0x08005a33   Thumb Code    16  stm32f1xx_hal_uart.o(i.UART_DMAAbortOnError)
    i.UART_EndRxTransfer                     0x08005a42   Section        0  stm32f1xx_hal_uart.o(i.UART_EndRxTransfer)
    UART_EndRxTransfer                       0x08005a43   Thumb Code    28  stm32f1xx_hal_uart.o(i.UART_EndRxTransfer)
    i.UART_Receive_IT                        0x08005a5e   Section        0  stm32f1xx_hal_uart.o(i.UART_Receive_IT)
    UART_Receive_IT                          0x08005a5f   Thumb Code   140  stm32f1xx_hal_uart.o(i.UART_Receive_IT)
    i.UART_SetConfig                         0x08005aec   Section        0  stm32f1xx_hal_uart.o(i.UART_SetConfig)
    UART_SetConfig                           0x08005aed   Thumb Code   178  stm32f1xx_hal_uart.o(i.UART_SetConfig)
    i.UART_WaitOnFlagUntilTimeout            0x08005ba4   Section        0  stm32f1xx_hal_uart.o(i.UART_WaitOnFlagUntilTimeout)
    UART_WaitOnFlagUntilTimeout              0x08005ba5   Thumb Code   100  stm32f1xx_hal_uart.o(i.UART_WaitOnFlagUntilTimeout)
    i.USART1_IRQHandler                      0x08005c08   Section        0  stm32f1xx_it.o(i.USART1_IRQHandler)
    i.USART2_IRQHandler                      0x08005c14   Section        0  stm32f1xx_it.o(i.USART2_IRQHandler)
    i.UpdateInfor                            0x08005c20   Section        0  display.o(i.UpdateInfor)
    i.UpdateSeaWatch                         0x08005c70   Section        0  display.o(i.UpdateSeaWatch)
    i.UpdateShowPower                        0x08005d18   Section        0  display.o(i.UpdateShowPower)
    i.UsageFault_Handler                     0x08005d90   Section        0  stm32f1xx_it.o(i.UsageFault_Handler)
    i.W25qxx_EraseSector                     0x08005d94   Section        0  w25qxx.o(i.W25qxx_EraseSector)
    i.W25qxx_Init                            0x08005e20   Section        0  w25qxx.o(i.W25qxx_Init)
    i.W25qxx_ReadID                          0x08005f14   Section        0  w25qxx.o(i.W25qxx_ReadID)
    i.W25qxx_ReadPage                        0x08005f64   Section        0  w25qxx.o(i.W25qxx_ReadPage)
    i.W25qxx_ReadStatusRegister              0x08006010   Section        0  w25qxx.o(i.W25qxx_ReadStatusRegister)
    i.W25qxx_ReadUniqID                      0x08006084   Section        0  w25qxx.o(i.W25qxx_ReadUniqID)
    i.W25qxx_Spi                             0x080060dc   Section        0  w25qxx.o(i.W25qxx_Spi)
    i.W25qxx_WaitForWriteEnd                 0x080060fc   Section        0  w25qxx.o(i.W25qxx_WaitForWriteEnd)
    i.W25qxx_WriteEnable                     0x0800614c   Section        0  w25qxx.o(i.W25qxx_WriteEnable)
    i.W25qxx_WritePage                       0x0800617c   Section        0  w25qxx.o(i.W25qxx_WritePage)
    i.__0printf                              0x08006234   Section        0  printfa.o(i.__0printf)
    i.__0sprintf                             0x08006254   Section        0  printfa.o(i.__0sprintf)
    i.__NVIC_SetPriority                     0x0800627c   Section        0  stm32f1xx_hal_cortex.o(i.__NVIC_SetPriority)
    __NVIC_SetPriority                       0x0800627d   Thumb Code    32  stm32f1xx_hal_cortex.o(i.__NVIC_SetPriority)
    i.__read_errno                           0x0800629c   Section        0  errno.o(i.__read_errno)
    i.__scatterload_copy                     0x080062a8   Section       14  handlers.o(i.__scatterload_copy)
    i.__scatterload_null                     0x080062b6   Section        2  handlers.o(i.__scatterload_null)
    i.__scatterload_zeroinit                 0x080062b8   Section       14  handlers.o(i.__scatterload_zeroinit)
    i.__set_errno                            0x080062c8   Section        0  errno.o(i.__set_errno)
    i._fp_digits                             0x080062d4   Section        0  printfa.o(i._fp_digits)
    _fp_digits                               0x080062d5   Thumb Code   366  printfa.o(i._fp_digits)
    i._is_digit                              0x08006458   Section        0  scanf_fp.o(i._is_digit)
    i._printf_core                           0x08006468   Section        0  printfa.o(i._printf_core)
    _printf_core                             0x08006469   Thumb Code  1744  printfa.o(i._printf_core)
    i._printf_post_padding                   0x08006b44   Section        0  printfa.o(i._printf_post_padding)
    _printf_post_padding                     0x08006b45   Thumb Code    36  printfa.o(i._printf_post_padding)
    i._printf_pre_padding                    0x08006b68   Section        0  printfa.o(i._printf_pre_padding)
    _printf_pre_padding                      0x08006b69   Thumb Code    46  printfa.o(i._printf_pre_padding)
    i._sputc                                 0x08006b96   Section        0  printfa.o(i._sputc)
    _sputc                                   0x08006b97   Thumb Code    10  printfa.o(i._sputc)
    i.atof                                   0x08006ba0   Section        0  atof.o(i.atof)
    i.deleteBuffer                           0x08006bca   Section        0  sim808.o(i.deleteBuffer)
    i.ds_init                                0x08006be4   Section        0  ds18b20.o(i.ds_init)
    i.ds_read                                0x08006c30   Section        0  ds18b20.o(i.ds_read)
    i.ds_write                               0x08006c80   Section        0  ds18b20.o(i.ds_write)
    i.fputc                                  0x08006ce0   Section        0  main.o(i.fputc)
    i.gpio_set_input                         0x08006cf8   Section        0  ds18b20.o(i.gpio_set_input)
    i.gpio_set_output                        0x08006d18   Section        0  ds18b20.o(i.gpio_set_output)
    i.main                                   0x08006d3c   Section        0  main.o(i.main)
    i.simcom_puts                            0x0800700c   Section        0  sim808.o(i.simcom_puts)
    i.simcom_receive_data_it                 0x0800702c   Section        0  sim808.o(i.simcom_receive_data_it)
    .constdata                               0x08007080   Section       16  system_stm32f1xx.o(.constdata)
    .constdata                               0x08007090   Section        8  system_stm32f1xx.o(.constdata)
    .constdata                               0x08007098   Section       64  ctype_c.o(.constdata)
    .conststring                             0x080070d8   Section      248  main.o(.conststring)
    .data                                    0x20000000   Section        1  display.o(.data)
    .data                                    0x20000001   Section       68  lcd.o(.data)
    .data                                    0x20000045   Section        2  solar.o(.data)
    .data                                    0x20000048   Section        8  sim808.o(.data)
    .data                                    0x20000050   Section       20  main.o(.data)
    .data                                    0x20000064   Section        4  main.o(.data)
    .data                                    0x20000068   Section        4  main.o(.data)
    .data                                    0x2000006c   Section        1  main.o(.data)
    .data                                    0x2000006e   Section        2  main.o(.data)
    .data                                    0x20000070   Section        3  rtc.o(.data)
    .data                                    0x20000073   Section        4  rtc.o(.data)
    .data                                    0x20000078   Section       12  stm32f1xx_hal.o(.data)
    .data                                    0x20000084   Section        4  system_stm32f1xx.o(.data)
    .data                                    0x20000088   Section        4  stdout.o(.data)
    .data                                    0x2000008c   Section        4  errno.o(.data)
    _errno                                   0x2000008c   Data           4  errno.o(.data)
    .bss                                     0x20000090   Section       40  display.o(.bss)
    .bss                                     0x200000b8   Section       12  lcd.o(.bss)
    .bss                                     0x200000c4   Section       60  solar.o(.bss)
    .bss                                     0x20000100   Section      408  sim808.o(.bss)
    .bss                                     0x20000298   Section       40  w25qxx.o(.bss)
    .bss                                     0x200002c0   Section       16  ds18b20.o(.bss)
    .bss                                     0x200002d0   Section      592  main.o(.bss)
    .bss                                     0x20000520   Section      100  main.o(.bss)
    .bss                                     0x20000584   Section      255  main.o(.bss)
    .bss                                     0x20000684   Section       48  adc.o(.bss)
    .bss                                     0x200006b4   Section      168  i2c.o(.bss)
    .bss                                     0x2000075c   Section       20  rtc.o(.bss)
    .bss                                     0x20000770   Section       88  spi.o(.bss)
    .bss                                     0x200007c8   Section       72  tim.o(.bss)
    .bss                                     0x20000810   Section      128  usart.o(.bss)
    STACK                                    0x20000890   Section     1024  startup_stm32f103xb.o(STACK)

    Global Symbols

    Symbol Name                              Value     Ov Type        Size  Object(Section)

    BuildAttributes$$THM_ISAv4$P$D$K$B$S$PE$A:L22UL41UL21$X:L11$S22US41US21$IEEE1$IW$USESV6$~STKCKD$USESV7$~SHL$OTIME$ROPI$IEEEJ$EBA8$MICROLIB$REQ8$PRES8$EABIv2 0x00000000   Number         0  anon$$obj.o ABSOLUTE
    __ARM_use_no_argv                        0x00000000   Number         0  main.o ABSOLUTE
    _printf_a                                0x00000000   Number         0  stubs.o ABSOLUTE
    _printf_c                                0x00000000   Number         0  stubs.o ABSOLUTE
    _printf_charcount                        0x00000000   Number         0  stubs.o ABSOLUTE
    _printf_d                                0x00000000   Number         0  stubs.o ABSOLUTE
    _printf_e                                0x00000000   Number         0  stubs.o ABSOLUTE
    _printf_f                                0x00000000   Number         0  stubs.o ABSOLUTE
    _printf_flags                            0x00000000   Number         0  stubs.o ABSOLUTE
    _printf_fp_dec                           0x00000000   Number         0  stubs.o ABSOLUTE
    _printf_fp_hex                           0x00000000   Number         0  stubs.o ABSOLUTE
    _printf_g                                0x00000000   Number         0  stubs.o ABSOLUTE
    _printf_i                                0x00000000   Number         0  stubs.o ABSOLUTE
    _printf_int_dec                          0x00000000   Number         0  stubs.o ABSOLUTE
    _printf_l                                0x00000000   Number         0  stubs.o ABSOLUTE
    _printf_lc                               0x00000000   Number         0  stubs.o ABSOLUTE
    _printf_ll                               0x00000000   Number         0  stubs.o ABSOLUTE
    _printf_lld                              0x00000000   Number         0  stubs.o ABSOLUTE
    _printf_lli                              0x00000000   Number         0  stubs.o ABSOLUTE
    _printf_llo                              0x00000000   Number         0  stubs.o ABSOLUTE
    _printf_llu                              0x00000000   Number         0  stubs.o ABSOLUTE
    _printf_llx                              0x00000000   Number         0  stubs.o ABSOLUTE
    _printf_longlong_dec                     0x00000000   Number         0  stubs.o ABSOLUTE
    _printf_longlong_hex                     0x00000000   Number         0  stubs.o ABSOLUTE
    _printf_longlong_oct                     0x00000000   Number         0  stubs.o ABSOLUTE
    _printf_ls                               0x00000000   Number         0  stubs.o ABSOLUTE
    _printf_mbtowc                           0x00000000   Number         0  stubs.o ABSOLUTE
    _printf_n                                0x00000000   Number         0  stubs.o ABSOLUTE
    _printf_o                                0x00000000   Number         0  stubs.o ABSOLUTE
    _printf_p                                0x00000000   Number         0  stubs.o ABSOLUTE
    _printf_percent                          0x00000000   Number         0  stubs.o ABSOLUTE
    _printf_pre_padding                      0x00000000   Number         0  stubs.o ABSOLUTE
    _printf_return_value                     0x00000000   Number         0  stubs.o ABSOLUTE
    _printf_s                                0x00000000   Number         0  stubs.o ABSOLUTE
    _printf_sizespec                         0x00000000   Number         0  stubs.o ABSOLUTE
    _printf_str                              0x00000000   Number         0  stubs.o ABSOLUTE
    _printf_truncate_signed                  0x00000000   Number         0  stubs.o ABSOLUTE
    _printf_truncate_unsigned                0x00000000   Number         0  stubs.o ABSOLUTE
    _printf_u                                0x00000000   Number         0  stubs.o ABSOLUTE
    _printf_wc                               0x00000000   Number         0  stubs.o ABSOLUTE
    _printf_wctomb                           0x00000000   Number         0  stubs.o ABSOLUTE
    _printf_widthprec                        0x00000000   Number         0  stubs.o ABSOLUTE
    _printf_x                                0x00000000   Number         0  stubs.o ABSOLUTE
    __cpp_initialize__aeabi_                  - Undefined Weak Reference
    __cxa_finalize                            - Undefined Weak Reference
    __decompress                              - Undefined Weak Reference
    _clock_init                               - Undefined Weak Reference
    _microlib_exit                            - Undefined Weak Reference
    __Vectors_Size                           0x000000ec   Number         0  startup_stm32f103xb.o ABSOLUTE
    __Vectors                                0x08000000   Data           4  startup_stm32f103xb.o(RESET)
    __Vectors_End                            0x080000ec   Data           0  startup_stm32f103xb.o(RESET)
    __main                                   0x080000ed   Thumb Code     0  entry.o(.ARM.Collect$$$$00000000)
    _main_stk                                0x080000ed   Thumb Code     0  entry2.o(.ARM.Collect$$$$00000001)
    _main_scatterload                        0x080000f1   Thumb Code     0  entry5.o(.ARM.Collect$$$$00000004)
    __main_after_scatterload                 0x080000f5   Thumb Code     0  entry5.o(.ARM.Collect$$$$00000004)
    _main_clock                              0x080000f5   Thumb Code     0  entry7b.o(.ARM.Collect$$$$00000008)
    _main_cpp_init                           0x080000f5   Thumb Code     0  entry8b.o(.ARM.Collect$$$$0000000A)
    _main_init                               0x080000f5   Thumb Code     0  entry9a.o(.ARM.Collect$$$$0000000B)
    __rt_final_cpp                           0x080000fd   Thumb Code     0  entry10a.o(.ARM.Collect$$$$0000000D)
    __rt_final_exit                          0x080000fd   Thumb Code     0  entry11a.o(.ARM.Collect$$$$0000000F)
    Reset_Handler                            0x08000101   Thumb Code     8  startup_stm32f103xb.o(.text)
    ADC1_2_IRQHandler                        0x0800011b   Thumb Code     0  startup_stm32f103xb.o(.text)
    CAN1_RX1_IRQHandler                      0x0800011b   Thumb Code     0  startup_stm32f103xb.o(.text)
    CAN1_SCE_IRQHandler                      0x0800011b   Thumb Code     0  startup_stm32f103xb.o(.text)
    DMA1_Channel1_IRQHandler                 0x0800011b   Thumb Code     0  startup_stm32f103xb.o(.text)
    DMA1_Channel2_IRQHandler                 0x0800011b   Thumb Code     0  startup_stm32f103xb.o(.text)
    DMA1_Channel3_IRQHandler                 0x0800011b   Thumb Code     0  startup_stm32f103xb.o(.text)
    DMA1_Channel4_IRQHandler                 0x0800011b   Thumb Code     0  startup_stm32f103xb.o(.text)
    DMA1_Channel5_IRQHandler                 0x0800011b   Thumb Code     0  startup_stm32f103xb.o(.text)
    DMA1_Channel6_IRQHandler                 0x0800011b   Thumb Code     0  startup_stm32f103xb.o(.text)
    DMA1_Channel7_IRQHandler                 0x0800011b   Thumb Code     0  startup_stm32f103xb.o(.text)
    EXTI0_IRQHandler                         0x0800011b   Thumb Code     0  startup_stm32f103xb.o(.text)
    EXTI1_IRQHandler                         0x0800011b   Thumb Code     0  startup_stm32f103xb.o(.text)
    EXTI2_IRQHandler                         0x0800011b   Thumb Code     0  startup_stm32f103xb.o(.text)
    EXTI3_IRQHandler                         0x0800011b   Thumb Code     0  startup_stm32f103xb.o(.text)
    EXTI4_IRQHandler                         0x0800011b   Thumb Code     0  startup_stm32f103xb.o(.text)
    FLASH_IRQHandler                         0x0800011b   Thumb Code     0  startup_stm32f103xb.o(.text)
    I2C2_ER_IRQHandler                       0x0800011b   Thumb Code     0  startup_stm32f103xb.o(.text)
    I2C2_EV_IRQHandler                       0x0800011b   Thumb Code     0  startup_stm32f103xb.o(.text)
    PVD_IRQHandler                           0x0800011b   Thumb Code     0  startup_stm32f103xb.o(.text)
    RCC_IRQHandler                           0x0800011b   Thumb Code     0  startup_stm32f103xb.o(.text)
    RTC_Alarm_IRQHandler                     0x0800011b   Thumb Code     0  startup_stm32f103xb.o(.text)
    RTC_IRQHandler                           0x0800011b   Thumb Code     0  startup_stm32f103xb.o(.text)
    SPI1_IRQHandler                          0x0800011b   Thumb Code     0  startup_stm32f103xb.o(.text)
    SPI2_IRQHandler                          0x0800011b   Thumb Code     0  startup_stm32f103xb.o(.text)
    TAMPER_IRQHandler                        0x0800011b   Thumb Code     0  startup_stm32f103xb.o(.text)
    TIM1_BRK_IRQHandler                      0x0800011b   Thumb Code     0  startup_stm32f103xb.o(.text)
    TIM1_CC_IRQHandler                       0x0800011b   Thumb Code     0  startup_stm32f103xb.o(.text)
    TIM1_TRG_COM_IRQHandler                  0x0800011b   Thumb Code     0  startup_stm32f103xb.o(.text)
    TIM1_UP_IRQHandler                       0x0800011b   Thumb Code     0  startup_stm32f103xb.o(.text)
    TIM3_IRQHandler                          0x0800011b   Thumb Code     0  startup_stm32f103xb.o(.text)
    TIM4_IRQHandler                          0x0800011b   Thumb Code     0  startup_stm32f103xb.o(.text)
    USART3_IRQHandler                        0x0800011b   Thumb Code     0  startup_stm32f103xb.o(.text)
    USBWakeUp_IRQHandler                     0x0800011b   Thumb Code     0  startup_stm32f103xb.o(.text)
    USB_HP_CAN1_TX_IRQHandler                0x0800011b   Thumb Code     0  startup_stm32f103xb.o(.text)
    USB_LP_CAN1_RX0_IRQHandler               0x0800011b   Thumb Code     0  startup_stm32f103xb.o(.text)
    WWDG_IRQHandler                          0x0800011b   Thumb Code     0  startup_stm32f103xb.o(.text)
    __aeabi_uldivmod                         0x08000125   Thumb Code    98  uldiv.o(.text)
    __aeabi_llsr                             0x08000187   Thumb Code    32  llushr.o(.text)
    _ll_ushift_r                             0x08000187   Thumb Code     0  llushr.o(.text)
    __aeabi_memcpy                           0x080001a7   Thumb Code    36  memcpya.o(.text)
    __aeabi_memcpy4                          0x080001a7   Thumb Code     0  memcpya.o(.text)
    __aeabi_memcpy8                          0x080001a7   Thumb Code     0  memcpya.o(.text)
    __aeabi_memset                           0x080001cb   Thumb Code    14  memseta.o(.text)
    __aeabi_memset4                          0x080001cb   Thumb Code     0  memseta.o(.text)
    __aeabi_memset8                          0x080001cb   Thumb Code     0  memseta.o(.text)
    __aeabi_memclr                           0x080001d9   Thumb Code     4  memseta.o(.text)
    __aeabi_memclr4                          0x080001d9   Thumb Code     0  memseta.o(.text)
    __aeabi_memclr8                          0x080001d9   Thumb Code     0  memseta.o(.text)
    _memset$wrapper                          0x080001dd   Thumb Code    18  memseta.o(.text)
    strstr                                   0x080001ef   Thumb Code    36  strstr.o(.text)
    strlen                                   0x08000213   Thumb Code    14  strlen.o(.text)
    __aeabi_dadd                             0x08000221   Thumb Code   322  dadd.o(.text)
    __aeabi_dsub                             0x08000363   Thumb Code     6  dadd.o(.text)
    __aeabi_drsub                            0x08000369   Thumb Code     6  dadd.o(.text)
    __aeabi_dmul                             0x0800036f   Thumb Code   228  dmul.o(.text)
    __aeabi_ddiv                             0x08000453   Thumb Code   222  ddiv.o(.text)
    __ARM_scalbn                             0x08000531   Thumb Code    46  dscalb.o(.text)
    scalbn                                   0x08000531   Thumb Code     0  dscalb.o(.text)
    __aeabi_i2d                              0x0800055f   Thumb Code    34  dflti.o(.text)
    __aeabi_ui2d                             0x08000581   Thumb Code    26  dfltui.o(.text)
    __aeabi_f2d                              0x0800059b   Thumb Code    38  f2d.o(.text)
    __aeabi_cdrcmple                         0x080005c1   Thumb Code    48  cdrcmple.o(.text)
    __aeabi_d2f                              0x080005f1   Thumb Code    56  d2f.o(.text)
    __aeabi_uidiv                            0x08000629   Thumb Code     0  uidiv.o(.text)
    __aeabi_uidivmod                         0x08000629   Thumb Code    44  uidiv.o(.text)
    __aeabi_llsl                             0x08000655   Thumb Code    30  llshl.o(.text)
    _ll_shift_l                              0x08000655   Thumb Code     0  llshl.o(.text)
    __aeabi_lasr                             0x08000673   Thumb Code    36  llsshr.o(.text)
    _ll_sshift_r                             0x08000673   Thumb Code     0  llsshr.o(.text)
    __strtod_int                             0x080006cf   Thumb Code    90  strtod.o(.text)
    __I$use$fp                               0x08000735   Thumb Code     0  iusefp.o(.text)
    _float_round                             0x08000735   Thumb Code    18  fepilogue.o(.text)
    _float_epilogue                          0x08000747   Thumb Code    92  fepilogue.o(.text)
    _double_round                            0x080007a3   Thumb Code    30  depilogue.o(.text)
    _double_epilogue                         0x080007c1   Thumb Code   156  depilogue.o(.text)
    __aeabi_d2ulz                            0x0800085d   Thumb Code    48  dfixul.o(.text)
    __scatterload                            0x0800088d   Thumb Code    28  init.o(.text)
    __scatterload_rt2                        0x0800088d   Thumb Code     0  init.o(.text)
    isspace                                  0x080008b1   Thumb Code    10  isspace_c.o(.text)
    _scanf_real                              0x080009e5   Thumb Code     0  scanf_fp.o(.text)
    _scanf_really_real                       0x080009e5   Thumb Code   556  scanf_fp.o(.text)
    _sgetc                                   0x08000c1d   Thumb Code    30  _sgetc.o(.text)
    _sbackspace                              0x08000c3b   Thumb Code    34  _sgetc.o(.text)
    __ctype_lookup                           0x08000c5d   Thumb Code    34  ctype_c.o(.text)
    __aeabi_ul2d                             0x08000c85   Thumb Code    24  dfltul.o(.text)
    ACproces                                 0x08000c9d   Thumb Code    10  solar.o(i.ACproces)
    ADC_ConversionStop_Disable               0x08000cad   Thumb Code    76  stm32f1xx_hal_adc.o(i.ADC_ConversionStop_Disable)
    ADC_Enable                               0x08000cf9   Thumb Code   104  stm32f1xx_hal_adc.o(i.ADC_Enable)
    AIproces                                 0x08000d69   Thumb Code   424  solar.o(i.AIproces)
    BusFault_Handler                         0x08000f1d   Thumb Code     2  stm32f1xx_it.o(i.BusFault_Handler)
    CCG                                      0x08000f21   Thumb Code   122  lcd.o(i.CCG)
    CLCD_I2C_Clear                           0x08000fad   Thumb Code    20  lcd.o(i.CLCD_I2C_Clear)
    CLCD_I2C_Init                            0x08000fc1   Thumb Code   162  lcd.o(i.CLCD_I2C_Init)
    CLCD_I2C_SetCursor                       0x08001065   Thumb Code    82  lcd.o(i.CLCD_I2C_SetCursor)
    CLCD_I2C_WriteChar                       0x080010bd   Thumb Code     6  lcd.o(i.CLCD_I2C_WriteChar)
    CLCD_I2C_WriteString                     0x080010c5   Thumb Code   106  lcd.o(i.CLCD_I2C_WriteString)
    DWT_Delay_Init                           0x080011a5   Thumb Code    58  delay.o(i.DWT_Delay_Init)
    DebugMon_Handler                         0x08001215   Thumb Code     2  stm32f1xx_it.o(i.DebugMon_Handler)
    DeleDatain                               0x08001219   Thumb Code    36  sim808.o(i.DeleDatain)
    EXTI15_10_IRQHandler                     0x08001245   Thumb Code     8  stm32f1xx_it.o(i.EXTI15_10_IRQHandler)
    EXTI9_5_IRQHandler                       0x0800124d   Thumb Code    20  stm32f1xx_it.o(i.EXTI9_5_IRQHandler)
    Error_Handler                            0x08001261   Thumb Code     4  main.o(i.Error_Handler)
    GPS_Read                                 0x08001265   Thumb Code   300  gps.o(i.GPS_Read)
    GPS_TurnOff                              0x080013b9   Thumb Code    38  gps.o(i.GPS_TurnOff)
    GPS_TurnOn                               0x080013fd   Thumb Code    38  gps.o(i.GPS_TurnOn)
    GetCharger                               0x08001441   Thumb Code     6  solar.o(i.GetCharger)
    GetDischarger                            0x08001455   Thumb Code     6  solar.o(i.GetDischarger)
    GetStatus                                0x08001469   Thumb Code     6  solar.o(i.GetStatus)
    HAL_ADC_ConfigChannel                    0x0800147d   Thumb Code   240  stm32f1xx_hal_adc.o(i.HAL_ADC_ConfigChannel)
    HAL_ADC_GetValue                         0x08001579   Thumb Code     6  stm32f1xx_hal_adc.o(i.HAL_ADC_GetValue)
    HAL_ADC_Init                             0x08001581   Thumb Code   272  stm32f1xx_hal_adc.o(i.HAL_ADC_Init)
    HAL_ADC_MspInit                          0x0800169d   Thumb Code    76  adc.o(i.HAL_ADC_MspInit)
    HAL_ADC_Start                            0x080016f5   Thumb Code   184  stm32f1xx_hal_adc.o(i.HAL_ADC_Start)
    HAL_DMA_Abort_IT                         0x080017b5   Thumb Code   148  stm32f1xx_hal_dma.o(i.HAL_DMA_Abort_IT)
    HAL_DMA_GetState                         0x0800184d   Thumb Code     6  stm32f1xx_hal_dma.o(i.HAL_DMA_GetState)
    HAL_Delay                                0x08001855   Thumb Code    32  stm32f1xx_hal.o(i.HAL_Delay)
    HAL_GPIO_EXTI_Callback                   0x08001879   Thumb Code   116  main.o(i.HAL_GPIO_EXTI_Callback)
    HAL_GPIO_EXTI_IRQHandler                 0x08001901   Thumb Code    18  stm32f1xx_hal_gpio.o(i.HAL_GPIO_EXTI_IRQHandler)
    HAL_GPIO_Init                            0x08001919   Thumb Code   446  stm32f1xx_hal_gpio.o(i.HAL_GPIO_Init)
    HAL_GPIO_ReadPin                         0x08001af9   Thumb Code    10  stm32f1xx_hal_gpio.o(i.HAL_GPIO_ReadPin)
    HAL_GPIO_TogglePin                       0x08001b03   Thumb Code    16  stm32f1xx_hal_gpio.o(i.HAL_GPIO_TogglePin)
    HAL_GPIO_WritePin                        0x08001b13   Thumb Code    10  stm32f1xx_hal_gpio.o(i.HAL_GPIO_WritePin)
    HAL_GetTick                              0x08001b1d   Thumb Code     6  stm32f1xx_hal.o(i.HAL_GetTick)
    HAL_I2C_AbortCpltCallback                0x08001b29   Thumb Code     2  stm32f1xx_hal_i2c.o(i.HAL_I2C_AbortCpltCallback)
    HAL_I2C_AddrCallback                     0x08001b2b   Thumb Code     2  stm32f1xx_hal_i2c.o(i.HAL_I2C_AddrCallback)
    HAL_I2C_ER_IRQHandler                    0x08001b2d   Thumb Code   196  stm32f1xx_hal_i2c.o(i.HAL_I2C_ER_IRQHandler)
    HAL_I2C_EV_IRQHandler                    0x08001bf1   Thumb Code   614  stm32f1xx_hal_i2c.o(i.HAL_I2C_EV_IRQHandler)
    HAL_I2C_ErrorCallback                    0x08001e57   Thumb Code     2  stm32f1xx_hal_i2c.o(i.HAL_I2C_ErrorCallback)
    HAL_I2C_Init                             0x08001e59   Thumb Code   376  stm32f1xx_hal_i2c.o(i.HAL_I2C_Init)
    HAL_I2C_ListenCpltCallback               0x08001fe1   Thumb Code     2  stm32f1xx_hal_i2c.o(i.HAL_I2C_ListenCpltCallback)
    HAL_I2C_MasterRxCpltCallback             0x08001fe3   Thumb Code     2  stm32f1xx_hal_i2c.o(i.HAL_I2C_MasterRxCpltCallback)
    HAL_I2C_MasterTxCpltCallback             0x08001fe5   Thumb Code     2  stm32f1xx_hal_i2c.o(i.HAL_I2C_MasterTxCpltCallback)
    HAL_I2C_Master_Transmit                  0x08001fe9   Thumb Code   290  stm32f1xx_hal_i2c.o(i.HAL_I2C_Master_Transmit)
    HAL_I2C_MemRxCpltCallback                0x08002115   Thumb Code     2  stm32f1xx_hal_i2c.o(i.HAL_I2C_MemRxCpltCallback)
    HAL_I2C_MemTxCpltCallback                0x08002117   Thumb Code     2  stm32f1xx_hal_i2c.o(i.HAL_I2C_MemTxCpltCallback)
    HAL_I2C_MspInit                          0x08002119   Thumb Code   168  i2c.o(i.HAL_I2C_MspInit)
    HAL_I2C_SlaveRxCpltCallback              0x080021d1   Thumb Code     2  stm32f1xx_hal_i2c.o(i.HAL_I2C_SlaveRxCpltCallback)
    HAL_I2C_SlaveTxCpltCallback              0x080021d3   Thumb Code     2  stm32f1xx_hal_i2c.o(i.HAL_I2C_SlaveTxCpltCallback)
    HAL_IncTick                              0x080021d5   Thumb Code    12  stm32f1xx_hal.o(i.HAL_IncTick)
    HAL_Init                                 0x080021e5   Thumb Code    32  stm32f1xx_hal.o(i.HAL_Init)
    HAL_InitTick                             0x08002209   Thumb Code    54  stm32f1xx_hal.o(i.HAL_InitTick)
    HAL_MspInit                              0x08002249   Thumb Code    52  stm32f1xx_hal_msp.o(i.HAL_MspInit)
    HAL_NVIC_EnableIRQ                       0x08002285   Thumb Code    26  stm32f1xx_hal_cortex.o(i.HAL_NVIC_EnableIRQ)
    HAL_NVIC_SetPriority                     0x080022a1   Thumb Code    60  stm32f1xx_hal_cortex.o(i.HAL_NVIC_SetPriority)
    HAL_NVIC_SetPriorityGrouping             0x080022e1   Thumb Code    26  stm32f1xx_hal_cortex.o(i.HAL_NVIC_SetPriorityGrouping)
    HAL_PWR_EnableBkUpAccess                 0x08002305   Thumb Code     8  stm32f1xx_hal_pwr.o(i.HAL_PWR_EnableBkUpAccess)
    HAL_RCCEx_GetPeriphCLKFreq               0x08002311   Thumb Code   166  stm32f1xx_hal_rcc_ex.o(i.HAL_RCCEx_GetPeriphCLKFreq)
    HAL_RCCEx_PeriphCLKConfig                0x080023d9   Thumb Code   224  stm32f1xx_hal_rcc_ex.o(i.HAL_RCCEx_PeriphCLKConfig)
    HAL_RCC_ClockConfig                      0x080024c5   Thumb Code   280  stm32f1xx_hal_rcc.o(i.HAL_RCC_ClockConfig)
    HAL_RCC_GetHCLKFreq                      0x080025f1   Thumb Code     6  stm32f1xx_hal_rcc.o(i.HAL_RCC_GetHCLKFreq)
    HAL_RCC_GetPCLK1Freq                     0x080025fd   Thumb Code    20  stm32f1xx_hal_rcc.o(i.HAL_RCC_GetPCLK1Freq)
    HAL_RCC_GetPCLK2Freq                     0x0800261d   Thumb Code    20  stm32f1xx_hal_rcc.o(i.HAL_RCC_GetPCLK2Freq)
    HAL_RCC_GetSysClockFreq                  0x0800263d   Thumb Code    74  stm32f1xx_hal_rcc.o(i.HAL_RCC_GetSysClockFreq)
    HAL_RCC_OscConfig                        0x080026a9   Thumb Code   778  stm32f1xx_hal_rcc.o(i.HAL_RCC_OscConfig)
    HAL_RTC_GetDate                          0x080029c9   Thumb Code    78  stm32f1xx_hal_rtc.o(i.HAL_RTC_GetDate)
    HAL_RTC_GetTime                          0x08002a17   Thumb Code   216  stm32f1xx_hal_rtc.o(i.HAL_RTC_GetTime)
    HAL_RTC_Init                             0x08002af1   Thumb Code   154  stm32f1xx_hal_rtc.o(i.HAL_RTC_Init)
    HAL_RTC_MspInit                          0x08002b91   Thumb Code    40  rtc.o(i.HAL_RTC_MspInit)
    HAL_RTC_SetDate                          0x08002bc5   Thumb Code   192  stm32f1xx_hal_rtc.o(i.HAL_RTC_SetDate)
    HAL_RTC_SetTime                          0x08002c89   Thumb Code   168  stm32f1xx_hal_rtc.o(i.HAL_RTC_SetTime)
    HAL_RTC_WaitForSynchro                   0x08002d35   Thumb Code    58  stm32f1xx_hal_rtc.o(i.HAL_RTC_WaitForSynchro)
    HAL_SPI_Init                             0x08002d6f   Thumb Code   178  stm32f1xx_hal_spi.o(i.HAL_SPI_Init)
    HAL_SPI_MspInit                          0x08002e21   Thumb Code   102  spi.o(i.HAL_SPI_MspInit)
    HAL_SPI_Receive                          0x08002e95   Thumb Code   346  stm32f1xx_hal_spi.o(i.HAL_SPI_Receive)
    HAL_SPI_Transmit                         0x08002fef   Thumb Code   358  stm32f1xx_hal_spi.o(i.HAL_SPI_Transmit)
    HAL_SPI_TransmitReceive                  0x08003155   Thumb Code   482  stm32f1xx_hal_spi.o(i.HAL_SPI_TransmitReceive)
    HAL_SYSTICK_Config                       0x08003337   Thumb Code    40  stm32f1xx_hal_cortex.o(i.HAL_SYSTICK_Config)
    HAL_TIMEx_BreakCallback                  0x0800335f   Thumb Code     2  stm32f1xx_hal_tim_ex.o(i.HAL_TIMEx_BreakCallback)
    HAL_TIMEx_CommutCallback                 0x08003361   Thumb Code     2  stm32f1xx_hal_tim_ex.o(i.HAL_TIMEx_CommutCallback)
    HAL_TIMEx_MasterConfigSynchronization    0x08003365   Thumb Code    92  stm32f1xx_hal_tim_ex.o(i.HAL_TIMEx_MasterConfigSynchronization)
    HAL_TIM_Base_Init                        0x080033cd   Thumb Code    90  stm32f1xx_hal_tim.o(i.HAL_TIM_Base_Init)
    HAL_TIM_Base_MspInit                     0x08003429   Thumb Code    50  tim.o(i.HAL_TIM_Base_MspInit)
    HAL_TIM_Base_Start_IT                    0x08003461   Thumb Code    76  stm32f1xx_hal_tim.o(i.HAL_TIM_Base_Start_IT)
    HAL_TIM_ConfigClockSource                0x080034b9   Thumb Code   214  stm32f1xx_hal_tim.o(i.HAL_TIM_ConfigClockSource)
    HAL_TIM_IC_CaptureCallback               0x0800358f   Thumb Code     2  stm32f1xx_hal_tim.o(i.HAL_TIM_IC_CaptureCallback)
    HAL_TIM_IRQHandler                       0x08003591   Thumb Code   358  stm32f1xx_hal_tim.o(i.HAL_TIM_IRQHandler)
    HAL_TIM_OC_DelayElapsedCallback          0x080036f7   Thumb Code     2  stm32f1xx_hal_tim.o(i.HAL_TIM_OC_DelayElapsedCallback)
    HAL_TIM_PWM_PulseFinishedCallback        0x080036f9   Thumb Code     2  stm32f1xx_hal_tim.o(i.HAL_TIM_PWM_PulseFinishedCallback)
    HAL_TIM_PeriodElapsedCallback            0x080036fd   Thumb Code   116  main.o(i.HAL_TIM_PeriodElapsedCallback)
    HAL_TIM_TriggerCallback                  0x08003775   Thumb Code     2  stm32f1xx_hal_tim.o(i.HAL_TIM_TriggerCallback)
    HAL_UART_ErrorCallback                   0x08003777   Thumb Code     2  stm32f1xx_hal_uart.o(i.HAL_UART_ErrorCallback)
    HAL_UART_IRQHandler                      0x08003779   Thumb Code   344  stm32f1xx_hal_uart.o(i.HAL_UART_IRQHandler)
    HAL_UART_Init                            0x080038d5   Thumb Code    98  stm32f1xx_hal_uart.o(i.HAL_UART_Init)
    HAL_UART_MspInit                         0x08003939   Thumb Code   198  usart.o(i.HAL_UART_MspInit)
    HAL_UART_Receive_IT                      0x08003a11   Thumb Code    82  stm32f1xx_hal_uart.o(i.HAL_UART_Receive_IT)
    HAL_UART_RxCpltCallback                  0x08003a65   Thumb Code    98  main.o(i.HAL_UART_RxCpltCallback)
    HAL_UART_Transmit                        0x08003add   Thumb Code   178  stm32f1xx_hal_uart.o(i.HAL_UART_Transmit)
    HAL_UART_TxCpltCallback                  0x08003b8f   Thumb Code     2  stm32f1xx_hal_uart.o(i.HAL_UART_TxCpltCallback)
    HardFault_Handler                        0x08003b91   Thumb Code     2  stm32f1xx_it.o(i.HardFault_Handler)
    I2C1_ER_IRQHandler                       0x08003b95   Thumb Code     6  stm32f1xx_it.o(i.I2C1_ER_IRQHandler)
    I2C1_EV_IRQHandler                       0x08003ba1   Thumb Code     6  stm32f1xx_it.o(i.I2C1_EV_IRQHandler)
    Init_Sim_Parameter                       0x0800476d   Thumb Code    60  sim808.o(i.Init_Sim_Parameter)
    MX_ADC2_Init                             0x080047b5   Thumb Code    72  adc.o(i.MX_ADC2_Init)
    MX_GPIO_Init                             0x08004805   Thumb Code   262  gpio.o(i.MX_GPIO_Init)
    MX_I2C1_Init                             0x0800491d   Thumb Code    50  i2c.o(i.MX_I2C1_Init)
    MX_I2C2_Init                             0x0800495d   Thumb Code    50  i2c.o(i.MX_I2C2_Init)
    MX_RTC_Init                              0x0800499d   Thumb Code   110  rtc.o(i.MX_RTC_Init)
    MX_SPI2_Init                             0x08004a15   Thumb Code    60  spi.o(i.MX_SPI2_Init)
    MX_TIM2_Init                             0x08004a59   Thumb Code    98  tim.o(i.MX_TIM2_Init)
    MX_USART1_UART_Init                      0x08004ac1   Thumb Code    48  usart.o(i.MX_USART1_UART_Init)
    MX_USART2_UART_Init                      0x08004af9   Thumb Code    48  usart.o(i.MX_USART2_UART_Init)
    MainProcesSOLAR                          0x08004b31   Thumb Code    30  solar.o(i.MainProcesSOLAR)
    MemManage_Handler                        0x08004b55   Thumb Code     2  stm32f1xx_it.o(i.MemManage_Handler)
    NMI_Handler                              0x08004b57   Thumb Code     2  stm32f1xx_it.o(i.NMI_Handler)
    PendSV_Handler                           0x08004b59   Thumb Code     2  stm32f1xx_it.o(i.PendSV_Handler)
    PreProcesSOLAR                           0x08004b5d   Thumb Code   104  solar.o(i.PreProcesSOLAR)
    ReadValueTurbidity                       0x08004de5   Thumb Code    66  turbidity.o(i.ReadValueTurbidity)
    ReadvalueTemp                            0x08004e45   Thumb Code    88  ds18b20.o(i.ReadvalueTemp)
    SVC_Handler                              0x08004fe1   Thumb Code     2  stm32f1xx_it.o(i.SVC_Handler)
    SaveCCG                                  0x08004fe5   Thumb Code    36  lcd.o(i.SaveCCG)
    ShowInfor                                0x08005011   Thumb Code   130  display.o(i.ShowInfor)
    ShowPower                                0x080050cd   Thumb Code   140  display.o(i.ShowPower)
    ShowSeaWatch                             0x080051b1   Thumb Code   184  display.o(i.ShowSeaWatch)
    Sim_Bearer_Configure                     0x080052d9   Thumb Code   120  sim808.o(i.Sim_Bearer_Configure)
    Sim_Bearer_Dis                           0x080053bd   Thumb Code    60  sim808.o(i.Sim_Bearer_Dis)
    Sim_Get_Phonenumber                      0x08005425   Thumb Code   110  sim808.o(i.Sim_Get_Phonenumber)
    Sim_HTTP_Post                            0x080054cd   Thumb Code   246  sim808.o(i.Sim_HTTP_Post)
    Sim_SendCommand                          0x080056ad   Thumb Code   196  sim808.o(i.Sim_SendCommand)
    Sim_init                                 0x0800577d   Thumb Code   232  sim808.o(i.Sim_init)
    SysTick_Handler                          0x080058c9   Thumb Code     4  stm32f1xx_it.o(i.SysTick_Handler)
    SystemClock_Config                       0x080058cd   Thumb Code   130  main.o(i.SystemClock_Config)
    SystemInit                               0x0800594f   Thumb Code     2  system_stm32f1xx.o(i.SystemInit)
    TIM2_IRQHandler                          0x08005951   Thumb Code     6  stm32f1xx_it.o(i.TIM2_IRQHandler)
    TIM_Base_SetConfig                       0x0800595d   Thumb Code    94  stm32f1xx_hal_tim.o(i.TIM_Base_SetConfig)
    TIM_ETR_SetConfig                        0x080059c9   Thumb Code    20  stm32f1xx_hal_tim.o(i.TIM_ETR_SetConfig)
    USART1_IRQHandler                        0x08005c09   Thumb Code     6  stm32f1xx_it.o(i.USART1_IRQHandler)
    USART2_IRQHandler                        0x08005c15   Thumb Code     6  stm32f1xx_it.o(i.USART2_IRQHandler)
    UpdateInfor                              0x08005c21   Thumb Code    64  display.o(i.UpdateInfor)
    UpdateSeaWatch                           0x08005c71   Thumb Code   118  display.o(i.UpdateSeaWatch)
    UpdateShowPower                          0x08005d19   Thumb Code    90  display.o(i.UpdateShowPower)
    UsageFault_Handler                       0x08005d91   Thumb Code     2  stm32f1xx_it.o(i.UsageFault_Handler)
    W25qxx_EraseSector                       0x08005d95   Thumb Code   130  w25qxx.o(i.W25qxx_EraseSector)
    W25qxx_Init                              0x08005e21   Thumb Code   234  w25qxx.o(i.W25qxx_Init)
    W25qxx_ReadID                            0x08005f15   Thumb Code    74  w25qxx.o(i.W25qxx_ReadID)
    W25qxx_ReadPage                          0x08005f65   Thumb Code   160  w25qxx.o(i.W25qxx_ReadPage)
    W25qxx_ReadStatusRegister                0x08006011   Thumb Code   106  w25qxx.o(i.W25qxx_ReadStatusRegister)
    W25qxx_ReadUniqID                        0x08006085   Thumb Code    78  w25qxx.o(i.W25qxx_ReadUniqID)
    W25qxx_Spi                               0x080060dd   Thumb Code    26  w25qxx.o(i.W25qxx_Spi)
    W25qxx_WaitForWriteEnd                   0x080060fd   Thumb Code    70  w25qxx.o(i.W25qxx_WaitForWriteEnd)
    W25qxx_WriteEnable                       0x0800614d   Thumb Code    44  w25qxx.o(i.W25qxx_WriteEnable)
    W25qxx_WritePage                         0x0800617d   Thumb Code   170  w25qxx.o(i.W25qxx_WritePage)
    __0printf                                0x08006235   Thumb Code    22  printfa.o(i.__0printf)
    __1printf                                0x08006235   Thumb Code     0  printfa.o(i.__0printf)
    __2printf                                0x08006235   Thumb Code     0  printfa.o(i.__0printf)
    __c89printf                              0x08006235   Thumb Code     0  printfa.o(i.__0printf)
    printf                                   0x08006235   Thumb Code     0  printfa.o(i.__0printf)
    __0sprintf                               0x08006255   Thumb Code    34  printfa.o(i.__0sprintf)
    __1sprintf                               0x08006255   Thumb Code     0  printfa.o(i.__0sprintf)
    __2sprintf                               0x08006255   Thumb Code     0  printfa.o(i.__0sprintf)
    __c89sprintf                             0x08006255   Thumb Code     0  printfa.o(i.__0sprintf)
    sprintf                                  0x08006255   Thumb Code     0  printfa.o(i.__0sprintf)
    __read_errno                             0x0800629d   Thumb Code     6  errno.o(i.__read_errno)
    __scatterload_copy                       0x080062a9   Thumb Code    14  handlers.o(i.__scatterload_copy)
    __scatterload_null                       0x080062b7   Thumb Code     2  handlers.o(i.__scatterload_null)
    __scatterload_zeroinit                   0x080062b9   Thumb Code    14  handlers.o(i.__scatterload_zeroinit)
    __set_errno                              0x080062c9   Thumb Code     6  errno.o(i.__set_errno)
    _is_digit                                0x08006459   Thumb Code    14  scanf_fp.o(i._is_digit)
    atof                                     0x08006ba1   Thumb Code    42  atof.o(i.atof)
    deleteBuffer                             0x08006bcb   Thumb Code    24  sim808.o(i.deleteBuffer)
    ds_init                                  0x08006be5   Thumb Code    70  ds18b20.o(i.ds_init)
    ds_read                                  0x08006c31   Thumb Code    76  ds18b20.o(i.ds_read)
    ds_write                                 0x08006c81   Thumb Code    90  ds18b20.o(i.ds_write)
    fputc                                    0x08006ce1   Thumb Code    18  main.o(i.fputc)
    gpio_set_input                           0x08006cf9   Thumb Code    22  ds18b20.o(i.gpio_set_input)
    gpio_set_output                          0x08006d19   Thumb Code    26  ds18b20.o(i.gpio_set_output)
    main                                     0x08006d3d   Thumb Code   642  main.o(i.main)
    simcom_puts                              0x0800700d   Thumb Code    26  sim808.o(i.simcom_puts)
    simcom_receive_data_it                   0x0800702d   Thumb Code    68  sim808.o(i.simcom_receive_data_it)
    AHBPrescTable                            0x08007080   Data          16  system_stm32f1xx.o(.constdata)
    APBPrescTable                            0x08007090   Data           8  system_stm32f1xx.o(.constdata)
    __ctype_categories                       0x08007098   Data          64  ctype_c.o(.constdata)
    Region$$Table$$Base                      0x080071d0   Number         0  anon$$obj.o(Region$$Table)
    Region$$Table$$Limit                     0x080071f0   Number         0  anon$$obj.o(Region$$Table)
    lenDis                                   0x20000000   Data           1  display.o(.data)
    currentline                              0x20000001   Data           1  lcd.o(.data)
    stringlen                                0x20000002   Data           1  lcd.o(.data)
    Xcursor                                  0x20000003   Data           1  lcd.o(.data)
    Ycursor                                  0x20000004   Data           1  lcd.o(.data)
    customChar                               0x20000005   Data          64  lcd.o(.data)
    LightStatus                              0x20000045   Data           1  solar.o(.data)
    CurrentSource                            0x20000046   Data           1  solar.o(.data)
    hsms                                     0x20000048   Data           1  sim808.o(.data)
    k                                        0x2000004c   Data           4  sim808.o(.data)
    SimStatusFlag                            0x20000050   Data           1  main.o(.data)
    countT2                                  0x20000051   Data           1  main.o(.data)
    Transfer_cplt1                           0x20000052   Data           1  main.o(.data)
    LenIDnumber                              0x20000053   Data           1  main.o(.data)
    L                                        0x20000054   Data           1  main.o(.data)
    second                                   0x20000055   Data           1  main.o(.data)
    CHANNEL                                  0x20000056   Data           1  main.o(.data)
    ButtonFlag                               0x20000057   Data           1  main.o(.data)
    Rx_indx1                                 0x20000058   Data           1  main.o(.data)
    temp_l                                   0x20000059   Data           1  main.o(.data)
    temp_h                                   0x2000005a   Data           1  main.o(.data)
    flagTemp                                 0x2000005b   Data           1  main.o(.data)
    CurrentPage                              0x2000005c   Data           2  main.o(.data)
    Rx_data1                                 0x2000005e   Data           2  main.o(.data)
    Turbidity                                0x20000060   Data           4  main.o(.data)
    PH                                       0x20000064   Data           4  main.o(.data)
    WaveAmplitude                            0x20000068   Data           4  main.o(.data)
    Transfer_cplt2                           0x2000006c   Data           1  main.o(.data)
    temp                                     0x2000006e   Data           2  main.o(.data)
    sTime                                    0x20000070   Data           3  rtc.o(.data)
    DateToUpdate                             0x20000073   Data           4  rtc.o(.data)
    uwTickFreq                               0x20000078   Data           1  stm32f1xx_hal.o(.data)
    uwTickPrio                               0x2000007c   Data           4  stm32f1xx_hal.o(.data)
    uwTick                                   0x20000080   Data           4  stm32f1xx_hal.o(.data)
    SystemCoreClock                          0x20000084   Data           4  system_stm32f1xx.o(.data)
    __stdout                                 0x20000088   Data           4  stdout.o(.data)
    SeaShow                                  0x20000090   Data          20  display.o(.bss)
    PowerShow                                0x200000a4   Data          20  display.o(.bss)
    LCD1                                     0x200000b8   Data          12  lcd.o(.bss)
    Vdischarge                               0x200000c4   Data          10  solar.o(.bss)
    Idischarge                               0x200000ce   Data          10  solar.o(.bss)
    Pdischarge                               0x200000d8   Data          10  solar.o(.bss)
    Icharge                                  0x200000e2   Data          10  solar.o(.bss)
    Pcharge                                  0x200000ec   Data          10  solar.o(.bss)
    Vbattery                                 0x200000f6   Data          10  solar.o(.bss)
    hsimcom                                  0x20000100   Data         312  sim808.o(.bss)
    hgprs                                    0x20000238   Data          72  sim808.o(.bss)
    hgps                                     0x20000280   Data          24  sim808.o(.bss)
    w25qxx                                   0x20000298   Data          40  w25qxx.o(.bss)
    GPIO_InitStruct                          0x200002c0   Data          16  ds18b20.o(.bss)
    SeaWatch                                 0x200002d0   Data          72  main.o(.bss)
    IDnumber                                 0x20000318   Data          20  main.o(.bss)
    httpbuffer                               0x2000032c   Data         400  main.o(.bss)
    Rx_Buffer1                               0x200004bc   Data         100  main.o(.bss)
    buffer1                                  0x20000520   Data         100  main.o(.bss)
    Rx_Buffer2                               0x20000584   Data         255  main.o(.bss)
    hadc2                                    0x20000684   Data          48  adc.o(.bss)
    hi2c1                                    0x200006b4   Data          84  i2c.o(.bss)
    hi2c2                                    0x20000708   Data          84  i2c.o(.bss)
    hrtc                                     0x2000075c   Data          20  rtc.o(.bss)
    hspi2                                    0x20000770   Data          88  spi.o(.bss)
    htim2                                    0x200007c8   Data          72  tim.o(.bss)
    huart1                                   0x20000810   Data          64  usart.o(.bss)
    huart2                                   0x20000850   Data          64  usart.o(.bss)
    __initial_sp                             0x20000c90   Data           0  startup_stm32f103xb.o(STACK)



==============================================================================

Memory Map of the image

  Image Entry point : 0x080000ed

  Load Region LR_IROM1 (Base: 0x08000000, Size: 0x00007280, Max: 0x00010000, ABSOLUTE)

    Execution Region ER_IROM1 (Exec base: 0x08000000, Load base: 0x08000000, Size: 0x000071f0, Max: 0x00010000, ABSOLUTE)

    Exec Addr    Load Addr    Size         Type   Attr      Idx    E Section Name        Object

    0x08000000   0x08000000   0x000000ec   Data   RO            3    RESET               startup_stm32f103xb.o
    0x080000ec   0x080000ec   0x00000000   Code   RO         5247  * .ARM.Collect$$$$00000000  mc_w.l(entry.o)
    0x080000ec   0x080000ec   0x00000004   Code   RO         5543    .ARM.Collect$$$$00000001  mc_w.l(entry2.o)
    0x080000f0   0x080000f0   0x00000004   Code   RO         5546    .ARM.Collect$$$$00000004  mc_w.l(entry5.o)
    0x080000f4   0x080000f4   0x00000000   Code   RO         5548    .ARM.Collect$$$$00000008  mc_w.l(entry7b.o)
    0x080000f4   0x080000f4   0x00000000   Code   RO         5550    .ARM.Collect$$$$0000000A  mc_w.l(entry8b.o)
    0x080000f4   0x080000f4   0x00000008   Code   RO         5551    .ARM.Collect$$$$0000000B  mc_w.l(entry9a.o)
    0x080000fc   0x080000fc   0x00000000   Code   RO         5553    .ARM.Collect$$$$0000000D  mc_w.l(entry10a.o)
    0x080000fc   0x080000fc   0x00000000   Code   RO         5555    .ARM.Collect$$$$0000000F  mc_w.l(entry11a.o)
    0x080000fc   0x080000fc   0x00000004   Code   RO         5544    .ARM.Collect$$$$00002712  mc_w.l(entry2.o)
    0x08000100   0x08000100   0x00000024   Code   RO            4    .text               startup_stm32f103xb.o
    0x08000124   0x08000124   0x00000062   Code   RO         5250    .text               mc_w.l(uldiv.o)
    0x08000186   0x08000186   0x00000020   Code   RO         5252    .text               mc_w.l(llushr.o)
    0x080001a6   0x080001a6   0x00000024   Code   RO         5254    .text               mc_w.l(memcpya.o)
    0x080001ca   0x080001ca   0x00000024   Code   RO         5256    .text               mc_w.l(memseta.o)
    0x080001ee   0x080001ee   0x00000024   Code   RO         5258    .text               mc_w.l(strstr.o)
    0x08000212   0x08000212   0x0000000e   Code   RO         5260    .text               mc_w.l(strlen.o)
    0x08000220   0x08000220   0x0000014e   Code   RO         5525    .text               mf_w.l(dadd.o)
    0x0800036e   0x0800036e   0x000000e4   Code   RO         5527    .text               mf_w.l(dmul.o)
    0x08000452   0x08000452   0x000000de   Code   RO         5529    .text               mf_w.l(ddiv.o)
    0x08000530   0x08000530   0x0000002e   Code   RO         5531    .text               mf_w.l(dscalb.o)
    0x0800055e   0x0800055e   0x00000022   Code   RO         5533    .text               mf_w.l(dflti.o)
    0x08000580   0x08000580   0x0000001a   Code   RO         5535    .text               mf_w.l(dfltui.o)
    0x0800059a   0x0800059a   0x00000026   Code   RO         5537    .text               mf_w.l(f2d.o)
    0x080005c0   0x080005c0   0x00000030   Code   RO         5539    .text               mf_w.l(cdrcmple.o)
    0x080005f0   0x080005f0   0x00000038   Code   RO         5541    .text               mf_w.l(d2f.o)
    0x08000628   0x08000628   0x0000002c   Code   RO         5558    .text               mc_w.l(uidiv.o)
    0x08000654   0x08000654   0x0000001e   Code   RO         5560    .text               mc_w.l(llshl.o)
    0x08000672   0x08000672   0x00000024   Code   RO         5562    .text               mc_w.l(llsshr.o)
    0x08000696   0x08000696   0x00000002   PAD
    0x08000698   0x08000698   0x0000009c   Code   RO         5571    .text               mc_w.l(strtod.o)
    0x08000734   0x08000734   0x00000000   Code   RO         5573    .text               mc_w.l(iusefp.o)
    0x08000734   0x08000734   0x0000006e   Code   RO         5574    .text               mf_w.l(fepilogue.o)
    0x080007a2   0x080007a2   0x000000ba   Code   RO         5576    .text               mf_w.l(depilogue.o)
    0x0800085c   0x0800085c   0x00000030   Code   RO         5578    .text               mf_w.l(dfixul.o)
    0x0800088c   0x0800088c   0x00000024   Code   RO         5580    .text               mc_w.l(init.o)
    0x080008b0   0x080008b0   0x0000000a   Code   RO         5582    .text               mc_w.l(isspace_c.o)
    0x080008ba   0x080008ba   0x00000002   PAD
    0x080008bc   0x080008bc   0x00000360   Code   RO         5584    .text               mc_w.l(scanf_fp.o)
    0x08000c1c   0x08000c1c   0x00000040   Code   RO         5588    .text               mc_w.l(_sgetc.o)
    0x08000c5c   0x08000c5c   0x00000028   Code   RO         5590    .text               mc_w.l(ctype_c.o)
    0x08000c84   0x08000c84   0x00000018   Code   RO         5593    .text               mf_w.l(dfltul.o)
    0x08000c9c   0x08000c9c   0x00000010   Code   RO          294    i.ACproces          solar.o
    0x08000cac   0x08000cac   0x0000004c   Code   RO         1642    i.ADC_ConversionStop_Disable  stm32f1xx_hal_adc.o
    0x08000cf8   0x08000cf8   0x00000070   Code   RO         1646    i.ADC_Enable        stm32f1xx_hal_adc.o
    0x08000d68   0x08000d68   0x000001b4   Code   RO          295    i.AIproces          solar.o
    0x08000f1c   0x08000f1c   0x00000002   Code   RO         1464    i.BusFault_Handler  stm32f1xx_it.o
    0x08000f1e   0x08000f1e   0x00000002   PAD
    0x08000f20   0x08000f20   0x0000008c   Code   RO          195    i.CCG               lcd.o
    0x08000fac   0x08000fac   0x00000014   Code   RO          198    i.CLCD_I2C_Clear    lcd.o
    0x08000fc0   0x08000fc0   0x000000a2   Code   RO          201    i.CLCD_I2C_Init     lcd.o
    0x08001062   0x08001062   0x00000002   PAD
    0x08001064   0x08001064   0x00000058   Code   RO          203    i.CLCD_I2C_SetCursor  lcd.o
    0x080010bc   0x080010bc   0x00000006   Code   RO          204    i.CLCD_I2C_WriteChar  lcd.o
    0x080010c2   0x080010c2   0x00000002   PAD
    0x080010c4   0x080010c4   0x00000074   Code   RO          205    i.CLCD_I2C_WriteString  lcd.o
    0x08001138   0x08001138   0x0000006a   Code   RO          206    i.CLCD_WriteI2C     lcd.o
    0x080011a2   0x080011a2   0x00000002   PAD
    0x080011a4   0x080011a4   0x00000044   Code   RO          899    i.DWT_Delay_Init    delay.o
    0x080011e8   0x080011e8   0x0000002c   Code   RO          926    i.DWT_Delay_us      ds18b20.o
    0x08001214   0x08001214   0x00000002   Code   RO         1465    i.DebugMon_Handler  stm32f1xx_it.o
    0x08001216   0x08001216   0x00000002   PAD
    0x08001218   0x08001218   0x0000002c   Code   RO          554    i.DeleDatain        sim808.o
    0x08001244   0x08001244   0x00000008   Code   RO         1466    i.EXTI15_10_IRQHandler  stm32f1xx_it.o
    0x0800124c   0x0800124c   0x00000014   Code   RO         1467    i.EXTI9_5_IRQHandler  stm32f1xx_it.o
    0x08001260   0x08001260   0x00000004   Code   RO         1026    i.Error_Handler     main.o
    0x08001264   0x08001264   0x00000154   Code   RO          648    i.GPS_Read          gps.o
    0x080013b8   0x080013b8   0x00000044   Code   RO          649    i.GPS_TurnOff       gps.o
    0x080013fc   0x080013fc   0x00000044   Code   RO          650    i.GPS_TurnOn        gps.o
    0x08001440   0x08001440   0x00000014   Code   RO          296    i.GetCharger        solar.o
    0x08001454   0x08001454   0x00000014   Code   RO          297    i.GetDischarger     solar.o
    0x08001468   0x08001468   0x00000014   Code   RO          298    i.GetStatus         solar.o
    0x0800147c   0x0800147c   0x000000fc   Code   RO         1648    i.HAL_ADC_ConfigChannel  stm32f1xx_hal_adc.o
    0x08001578   0x08001578   0x00000006   Code   RO         1655    i.HAL_ADC_GetValue  stm32f1xx_hal_adc.o
    0x0800157e   0x0800157e   0x00000002   PAD
    0x08001580   0x08001580   0x0000011c   Code   RO         1657    i.HAL_ADC_Init      stm32f1xx_hal_adc.o
    0x0800169c   0x0800169c   0x00000058   Code   RO         1199    i.HAL_ADC_MspInit   adc.o
    0x080016f4   0x080016f4   0x000000c0   Code   RO         1663    i.HAL_ADC_Start     stm32f1xx_hal_adc.o
    0x080017b4   0x080017b4   0x00000098   Code   RO         2298    i.HAL_DMA_Abort_IT  stm32f1xx_hal_dma.o
    0x0800184c   0x0800184c   0x00000006   Code   RO         2301    i.HAL_DMA_GetState  stm32f1xx_hal_dma.o
    0x08001852   0x08001852   0x00000002   PAD
    0x08001854   0x08001854   0x00000024   Code   RO         1925    i.HAL_Delay         stm32f1xx_hal.o
    0x08001878   0x08001878   0x00000088   Code   RO         1027    i.HAL_GPIO_EXTI_Callback  main.o
    0x08001900   0x08001900   0x00000018   Code   RO         2232    i.HAL_GPIO_EXTI_IRQHandler  stm32f1xx_hal_gpio.o
    0x08001918   0x08001918   0x000001e0   Code   RO         2233    i.HAL_GPIO_Init     stm32f1xx_hal_gpio.o
    0x08001af8   0x08001af8   0x0000000a   Code   RO         2235    i.HAL_GPIO_ReadPin  stm32f1xx_hal_gpio.o
    0x08001b02   0x08001b02   0x00000010   Code   RO         2236    i.HAL_GPIO_TogglePin  stm32f1xx_hal_gpio.o
    0x08001b12   0x08001b12   0x0000000a   Code   RO         2237    i.HAL_GPIO_WritePin  stm32f1xx_hal_gpio.o
    0x08001b1c   0x08001b1c   0x0000000c   Code   RO         1929    i.HAL_GetTick       stm32f1xx_hal.o
    0x08001b28   0x08001b28   0x00000002   Code   RO         2893    i.HAL_I2C_AbortCpltCallback  stm32f1xx_hal_i2c.o
    0x08001b2a   0x08001b2a   0x00000002   Code   RO         2894    i.HAL_I2C_AddrCallback  stm32f1xx_hal_i2c.o
    0x08001b2c   0x08001b2c   0x000000c4   Code   RO         2897    i.HAL_I2C_ER_IRQHandler  stm32f1xx_hal_i2c.o
    0x08001bf0   0x08001bf0   0x00000266   Code   RO         2898    i.HAL_I2C_EV_IRQHandler  stm32f1xx_hal_i2c.o
    0x08001e56   0x08001e56   0x00000002   Code   RO         2900    i.HAL_I2C_ErrorCallback  stm32f1xx_hal_i2c.o
    0x08001e58   0x08001e58   0x00000188   Code   RO         2904    i.HAL_I2C_Init      stm32f1xx_hal_i2c.o
    0x08001fe0   0x08001fe0   0x00000002   Code   RO         2906    i.HAL_I2C_ListenCpltCallback  stm32f1xx_hal_i2c.o
    0x08001fe2   0x08001fe2   0x00000002   Code   RO         2907    i.HAL_I2C_MasterRxCpltCallback  stm32f1xx_hal_i2c.o
    0x08001fe4   0x08001fe4   0x00000002   Code   RO         2908    i.HAL_I2C_MasterTxCpltCallback  stm32f1xx_hal_i2c.o
    0x08001fe6   0x08001fe6   0x00000002   PAD
    0x08001fe8   0x08001fe8   0x0000012c   Code   RO         2917    i.HAL_I2C_Master_Transmit  stm32f1xx_hal_i2c.o
    0x08002114   0x08002114   0x00000002   Code   RO         2920    i.HAL_I2C_MemRxCpltCallback  stm32f1xx_hal_i2c.o
    0x08002116   0x08002116   0x00000002   Code   RO         2921    i.HAL_I2C_MemTxCpltCallback  stm32f1xx_hal_i2c.o
    0x08002118   0x08002118   0x000000b8   Code   RO         1241    i.HAL_I2C_MspInit   i2c.o
    0x080021d0   0x080021d0   0x00000002   Code   RO         2930    i.HAL_I2C_SlaveRxCpltCallback  stm32f1xx_hal_i2c.o
    0x080021d2   0x080021d2   0x00000002   Code   RO         2931    i.HAL_I2C_SlaveTxCpltCallback  stm32f1xx_hal_i2c.o
    0x080021d4   0x080021d4   0x00000010   Code   RO         1935    i.HAL_IncTick       stm32f1xx_hal.o
    0x080021e4   0x080021e4   0x00000024   Code   RO         1936    i.HAL_Init          stm32f1xx_hal.o
    0x08002208   0x08002208   0x00000040   Code   RO         1937    i.HAL_InitTick      stm32f1xx_hal.o
    0x08002248   0x08002248   0x0000003c   Code   RO         1582    i.HAL_MspInit       stm32f1xx_hal_msp.o
    0x08002284   0x08002284   0x0000001a   Code   RO         2393    i.HAL_NVIC_EnableIRQ  stm32f1xx_hal_cortex.o
    0x0800229e   0x0800229e   0x00000002   PAD
    0x080022a0   0x080022a0   0x00000040   Code   RO         2399    i.HAL_NVIC_SetPriority  stm32f1xx_hal_cortex.o
    0x080022e0   0x080022e0   0x00000024   Code   RO         2400    i.HAL_NVIC_SetPriorityGrouping  stm32f1xx_hal_cortex.o
    0x08002304   0x08002304   0x0000000c   Code   RO         2515    i.HAL_PWR_EnableBkUpAccess  stm32f1xx_hal_pwr.o
    0x08002310   0x08002310   0x000000c8   Code   RO         2195    i.HAL_RCCEx_GetPeriphCLKFreq  stm32f1xx_hal_rcc_ex.o
    0x080023d8   0x080023d8   0x000000ec   Code   RO         2196    i.HAL_RCCEx_PeriphCLKConfig  stm32f1xx_hal_rcc_ex.o
    0x080024c4   0x080024c4   0x0000012c   Code   RO         2093    i.HAL_RCC_ClockConfig  stm32f1xx_hal_rcc.o
    0x080025f0   0x080025f0   0x0000000c   Code   RO         2098    i.HAL_RCC_GetHCLKFreq  stm32f1xx_hal_rcc.o
    0x080025fc   0x080025fc   0x00000020   Code   RO         2100    i.HAL_RCC_GetPCLK1Freq  stm32f1xx_hal_rcc.o
    0x0800261c   0x0800261c   0x00000020   Code   RO         2101    i.HAL_RCC_GetPCLK2Freq  stm32f1xx_hal_rcc.o
    0x0800263c   0x0800263c   0x0000006c   Code   RO         2102    i.HAL_RCC_GetSysClockFreq  stm32f1xx_hal_rcc.o
    0x080026a8   0x080026a8   0x00000320   Code   RO         2105    i.HAL_RCC_OscConfig  stm32f1xx_hal_rcc.o
    0x080029c8   0x080029c8   0x0000004e   Code   RO         3325    i.HAL_RTC_GetDate   stm32f1xx_hal_rtc.o
    0x08002a16   0x08002a16   0x000000d8   Code   RO         3327    i.HAL_RTC_GetTime   stm32f1xx_hal_rtc.o
    0x08002aee   0x08002aee   0x00000002   PAD
    0x08002af0   0x08002af0   0x000000a0   Code   RO         3328    i.HAL_RTC_Init      stm32f1xx_hal_rtc.o
    0x08002b90   0x08002b90   0x00000034   Code   RO         1289    i.HAL_RTC_MspInit   rtc.o
    0x08002bc4   0x08002bc4   0x000000c4   Code   RO         3334    i.HAL_RTC_SetDate   stm32f1xx_hal_rtc.o
    0x08002c88   0x08002c88   0x000000ac   Code   RO         3335    i.HAL_RTC_SetTime   stm32f1xx_hal_rtc.o
    0x08002d34   0x08002d34   0x0000003a   Code   RO         3336    i.HAL_RTC_WaitForSynchro  stm32f1xx_hal_rtc.o
    0x08002d6e   0x08002d6e   0x000000b2   Code   RO         3603    i.HAL_SPI_Init      stm32f1xx_hal_spi.o
    0x08002e20   0x08002e20   0x00000074   Code   RO         1333    i.HAL_SPI_MspInit   spi.o
    0x08002e94   0x08002e94   0x0000015a   Code   RO         3606    i.HAL_SPI_Receive   stm32f1xx_hal_spi.o
    0x08002fee   0x08002fee   0x00000166   Code   RO         3611    i.HAL_SPI_Transmit  stm32f1xx_hal_spi.o
    0x08003154   0x08003154   0x000001e2   Code   RO         3612    i.HAL_SPI_TransmitReceive  stm32f1xx_hal_spi.o
    0x08003336   0x08003336   0x00000028   Code   RO         2404    i.HAL_SYSTICK_Config  stm32f1xx_hal_cortex.o
    0x0800335e   0x0800335e   0x00000002   Code   RO         4620    i.HAL_TIMEx_BreakCallback  stm32f1xx_hal_tim_ex.o
    0x08003360   0x08003360   0x00000002   Code   RO         4621    i.HAL_TIMEx_CommutCallback  stm32f1xx_hal_tim_ex.o
    0x08003362   0x08003362   0x00000002   PAD
    0x08003364   0x08003364   0x00000068   Code   RO         4639    i.HAL_TIMEx_MasterConfigSynchronization  stm32f1xx_hal_tim_ex.o
    0x080033cc   0x080033cc   0x0000005a   Code   RO         3916    i.HAL_TIM_Base_Init  stm32f1xx_hal_tim.o
    0x08003426   0x08003426   0x00000002   PAD
    0x08003428   0x08003428   0x00000038   Code   RO         1375    i.HAL_TIM_Base_MspInit  tim.o
    0x08003460   0x08003460   0x00000058   Code   RO         3921    i.HAL_TIM_Base_Start_IT  stm32f1xx_hal_tim.o
    0x080034b8   0x080034b8   0x000000d6   Code   RO         3925    i.HAL_TIM_ConfigClockSource  stm32f1xx_hal_tim.o
    0x0800358e   0x0800358e   0x00000002   Code   RO         3950    i.HAL_TIM_IC_CaptureCallback  stm32f1xx_hal_tim.o
    0x08003590   0x08003590   0x00000166   Code   RO         3964    i.HAL_TIM_IRQHandler  stm32f1xx_hal_tim.o
    0x080036f6   0x080036f6   0x00000002   Code   RO         3967    i.HAL_TIM_OC_DelayElapsedCallback  stm32f1xx_hal_tim.o
    0x080036f8   0x080036f8   0x00000002   Code   RO         3994    i.HAL_TIM_PWM_PulseFinishedCallback  stm32f1xx_hal_tim.o
    0x080036fa   0x080036fa   0x00000002   PAD
    0x080036fc   0x080036fc   0x00000078   Code   RO         1028    i.HAL_TIM_PeriodElapsedCallback  main.o
    0x08003774   0x08003774   0x00000002   Code   RO         4007    i.HAL_TIM_TriggerCallback  stm32f1xx_hal_tim.o
    0x08003776   0x08003776   0x00000002   Code   RO         4908    i.HAL_UART_ErrorCallback  stm32f1xx_hal_uart.o
    0x08003778   0x08003778   0x0000015c   Code   RO         4911    i.HAL_UART_IRQHandler  stm32f1xx_hal_uart.o
    0x080038d4   0x080038d4   0x00000062   Code   RO         4912    i.HAL_UART_Init     stm32f1xx_hal_uart.o
    0x08003936   0x08003936   0x00000002   PAD
    0x08003938   0x08003938   0x000000d8   Code   RO         1417    i.HAL_UART_MspInit  usart.o
    0x08003a10   0x08003a10   0x00000052   Code   RO         4917    i.HAL_UART_Receive_IT  stm32f1xx_hal_uart.o
    0x08003a62   0x08003a62   0x00000002   PAD
    0x08003a64   0x08003a64   0x00000078   Code   RO         1029    i.HAL_UART_RxCpltCallback  main.o
    0x08003adc   0x08003adc   0x000000b2   Code   RO         4920    i.HAL_UART_Transmit  stm32f1xx_hal_uart.o
    0x08003b8e   0x08003b8e   0x00000002   Code   RO         4923    i.HAL_UART_TxCpltCallback  stm32f1xx_hal_uart.o
    0x08003b90   0x08003b90   0x00000002   Code   RO         1468    i.HardFault_Handler  stm32f1xx_it.o
    0x08003b92   0x08003b92   0x00000002   PAD
    0x08003b94   0x08003b94   0x0000000c   Code   RO         1469    i.I2C1_ER_IRQHandler  stm32f1xx_it.o
    0x08003ba0   0x08003ba0   0x0000000c   Code   RO         1470    i.I2C1_EV_IRQHandler  stm32f1xx_it.o
    0x08003bac   0x08003bac   0x000000bc   Code   RO         2942    i.I2C_DMAAbort      stm32f1xx_hal_i2c.o
    0x08003c68   0x08003c68   0x00000158   Code   RO         2945    i.I2C_ITError       stm32f1xx_hal_i2c.o
    0x08003dc0   0x08003dc0   0x0000002e   Code   RO         2946    i.I2C_IsAcknowledgeFailed  stm32f1xx_hal_i2c.o
    0x08003dee   0x08003dee   0x000000d2   Code   RO         2947    i.I2C_MasterReceive_BTF  stm32f1xx_hal_i2c.o
    0x08003ec0   0x08003ec0   0x000000e8   Code   RO         2948    i.I2C_MasterReceive_RXNE  stm32f1xx_hal_i2c.o
    0x08003fa8   0x08003fa8   0x0000009c   Code   RO         2950    i.I2C_MasterRequestWrite  stm32f1xx_hal_i2c.o
    0x08004044   0x08004044   0x00000074   Code   RO         2951    i.I2C_MasterTransmit_BTF  stm32f1xx_hal_i2c.o
    0x080040b8   0x080040b8   0x000000b6   Code   RO         2952    i.I2C_MasterTransmit_TXE  stm32f1xx_hal_i2c.o
    0x0800416e   0x0800416e   0x00000002   PAD
    0x08004170   0x08004170   0x00000158   Code   RO         2953    i.I2C_Master_ADDR   stm32f1xx_hal_i2c.o
    0x080042c8   0x080042c8   0x0000008c   Code   RO         2954    i.I2C_Master_SB     stm32f1xx_hal_i2c.o
    0x08004354   0x08004354   0x000000a0   Code   RO         2955    i.I2C_MemoryTransmit_TXE_BTF  stm32f1xx_hal_i2c.o
    0x080043f4   0x080043f4   0x00000084   Code   RO         2958    i.I2C_Slave_AF      stm32f1xx_hal_i2c.o
    0x08004478   0x08004478   0x0000015c   Code   RO         2959    i.I2C_Slave_STOPF   stm32f1xx_hal_i2c.o
    0x080045d4   0x080045d4   0x0000004c   Code   RO         2960    i.I2C_WaitOnBTFFlagUntilTimeout  stm32f1xx_hal_i2c.o
    0x08004620   0x08004620   0x00000068   Code   RO         2961    i.I2C_WaitOnFlagUntilTimeout  stm32f1xx_hal_i2c.o
    0x08004688   0x08004688   0x00000096   Code   RO         2962    i.I2C_WaitOnMasterAddressFlagUntilTimeout  stm32f1xx_hal_i2c.o
    0x0800471e   0x0800471e   0x0000004c   Code   RO         2964    i.I2C_WaitOnTXEFlagUntilTimeout  stm32f1xx_hal_i2c.o
    0x0800476a   0x0800476a   0x00000002   PAD
    0x0800476c   0x0800476c   0x00000048   Code   RO          555    i.Init_Sim_Parameter  sim808.o
    0x080047b4   0x080047b4   0x00000050   Code   RO         1200    i.MX_ADC2_Init      adc.o
    0x08004804   0x08004804   0x00000118   Code   RO         1174    i.MX_GPIO_Init      gpio.o
    0x0800491c   0x0800491c   0x00000040   Code   RO         1242    i.MX_I2C1_Init      i2c.o
    0x0800495c   0x0800495c   0x00000040   Code   RO         1243    i.MX_I2C2_Init      i2c.o
    0x0800499c   0x0800499c   0x00000078   Code   RO         1290    i.MX_RTC_Init       rtc.o
    0x08004a14   0x08004a14   0x00000044   Code   RO         1334    i.MX_SPI2_Init      spi.o
    0x08004a58   0x08004a58   0x00000068   Code   RO         1376    i.MX_TIM2_Init      tim.o
    0x08004ac0   0x08004ac0   0x00000038   Code   RO         1418    i.MX_USART1_UART_Init  usart.o
    0x08004af8   0x08004af8   0x00000038   Code   RO         1419    i.MX_USART2_UART_Init  usart.o
    0x08004b30   0x08004b30   0x00000024   Code   RO          299    i.MainProcesSOLAR   solar.o
    0x08004b54   0x08004b54   0x00000002   Code   RO         1471    i.MemManage_Handler  stm32f1xx_it.o
    0x08004b56   0x08004b56   0x00000002   Code   RO         1472    i.NMI_Handler       stm32f1xx_it.o
    0x08004b58   0x08004b58   0x00000002   Code   RO         1473    i.PendSV_Handler    stm32f1xx_it.o
    0x08004b5a   0x08004b5a   0x00000002   PAD
    0x08004b5c   0x08004b5c   0x00000070   Code   RO          300    i.PreProcesSOLAR    solar.o
    0x08004bcc   0x08004bcc   0x00000012   Code   RO         3337    i.RTC_Bcd2ToByte    stm32f1xx_hal_rtc.o
    0x08004bde   0x08004bde   0x00000016   Code   RO         3338    i.RTC_ByteToBcd2    stm32f1xx_hal_rtc.o
    0x08004bf4   0x08004bf4   0x000000ae   Code   RO         3339    i.RTC_DateUpdate    stm32f1xx_hal_rtc.o
    0x08004ca2   0x08004ca2   0x00000034   Code   RO         3340    i.RTC_EnterInitMode  stm32f1xx_hal_rtc.o
    0x08004cd6   0x08004cd6   0x00000002   PAD
    0x08004cd8   0x08004cd8   0x00000036   Code   RO         3341    i.RTC_ExitInitMode  stm32f1xx_hal_rtc.o
    0x08004d0e   0x08004d0e   0x0000000e   Code   RO         3342    i.RTC_ReadAlarmCounter  stm32f1xx_hal_rtc.o
    0x08004d1c   0x08004d1c   0x00000020   Code   RO         3343    i.RTC_ReadTimeCounter  stm32f1xx_hal_rtc.o
    0x08004d3c   0x08004d3c   0x00000056   Code   RO         3344    i.RTC_WeekDayNum    stm32f1xx_hal_rtc.o
    0x08004d92   0x08004d92   0x00000028   Code   RO         3345    i.RTC_WriteAlarmCounter  stm32f1xx_hal_rtc.o
    0x08004dba   0x08004dba   0x00000028   Code   RO         3346    i.RTC_WriteTimeCounter  stm32f1xx_hal_rtc.o
    0x08004de2   0x08004de2   0x00000002   PAD
    0x08004de4   0x08004de4   0x00000060   Code   RO          993    i.ReadValueTurbidity  turbidity.o
    0x08004e44   0x08004e44   0x00000068   Code   RO          927    i.ReadvalueTemp     ds18b20.o
    0x08004eac   0x08004eac   0x0000005c   Code   RO         3640    i.SPI_EndRxTransaction  stm32f1xx_hal_spi.o
    0x08004f08   0x08004f08   0x00000020   Code   RO         3641    i.SPI_EndRxTxTransaction  stm32f1xx_hal_spi.o
    0x08004f28   0x08004f28   0x000000b8   Code   RO         3646    i.SPI_WaitFlagStateUntilTimeout  stm32f1xx_hal_spi.o
    0x08004fe0   0x08004fe0   0x00000002   Code   RO         1474    i.SVC_Handler       stm32f1xx_it.o
    0x08004fe2   0x08004fe2   0x00000002   PAD
    0x08004fe4   0x08004fe4   0x0000002c   Code   RO          207    i.SaveCCG           lcd.o
    0x08005010   0x08005010   0x000000bc   Code   RO           13    i.ShowInfor         display.o
    0x080050cc   0x080050cc   0x000000e4   Code   RO           14    i.ShowPower         display.o
    0x080051b0   0x080051b0   0x00000128   Code   RO           15    i.ShowSeaWatch      display.o
    0x080052d8   0x080052d8   0x000000e4   Code   RO          556    i.Sim_Bearer_Configure  sim808.o
    0x080053bc   0x080053bc   0x00000068   Code   RO          557    i.Sim_Bearer_Dis    sim808.o
    0x08005424   0x08005424   0x000000a8   Code   RO          558    i.Sim_Get_Phonenumber  sim808.o
    0x080054cc   0x080054cc   0x000001e0   Code   RO          559    i.Sim_HTTP_Post     sim808.o
    0x080056ac   0x080056ac   0x000000d0   Code   RO          560    i.Sim_SendCommand   sim808.o
    0x0800577c   0x0800577c   0x0000014c   Code   RO          561    i.Sim_init          sim808.o
    0x080058c8   0x080058c8   0x00000004   Code   RO         1475    i.SysTick_Handler   stm32f1xx_it.o
    0x080058cc   0x080058cc   0x00000082   Code   RO         1034    i.SystemClock_Config  main.o
    0x0800594e   0x0800594e   0x00000002   Code   RO         5209    i.SystemInit        system_stm32f1xx.o
    0x08005950   0x08005950   0x0000000c   Code   RO         1476    i.TIM2_IRQHandler   stm32f1xx_it.o
    0x0800595c   0x0800595c   0x0000006c   Code   RO         4009    i.TIM_Base_SetConfig  stm32f1xx_hal_tim.o
    0x080059c8   0x080059c8   0x00000014   Code   RO         4020    i.TIM_ETR_SetConfig  stm32f1xx_hal_tim.o
    0x080059dc   0x080059dc   0x00000010   Code   RO         4021    i.TIM_ITRx_SetConfig  stm32f1xx_hal_tim.o
    0x080059ec   0x080059ec   0x00000022   Code   RO         4027    i.TIM_TI1_ConfigInputStage  stm32f1xx_hal_tim.o
    0x08005a0e   0x08005a0e   0x00000024   Code   RO         4029    i.TIM_TI2_ConfigInputStage  stm32f1xx_hal_tim.o
    0x08005a32   0x08005a32   0x00000010   Code   RO         4925    i.UART_DMAAbortOnError  stm32f1xx_hal_uart.o
    0x08005a42   0x08005a42   0x0000001c   Code   RO         4935    i.UART_EndRxTransfer  stm32f1xx_hal_uart.o
    0x08005a5e   0x08005a5e   0x0000008c   Code   RO         4937    i.UART_Receive_IT   stm32f1xx_hal_uart.o
    0x08005aea   0x08005aea   0x00000002   PAD
    0x08005aec   0x08005aec   0x000000b8   Code   RO         4938    i.UART_SetConfig    stm32f1xx_hal_uart.o
    0x08005ba4   0x08005ba4   0x00000064   Code   RO         4939    i.UART_WaitOnFlagUntilTimeout  stm32f1xx_hal_uart.o
    0x08005c08   0x08005c08   0x0000000c   Code   RO         1477    i.USART1_IRQHandler  stm32f1xx_it.o
    0x08005c14   0x08005c14   0x0000000c   Code   RO         1478    i.USART2_IRQHandler  stm32f1xx_it.o
    0x08005c20   0x08005c20   0x00000050   Code   RO           16    i.UpdateInfor       display.o
    0x08005c70   0x08005c70   0x000000a8   Code   RO           17    i.UpdateSeaWatch    display.o
    0x08005d18   0x08005d18   0x00000078   Code   RO           18    i.UpdateShowPower   display.o
    0x08005d90   0x08005d90   0x00000002   Code   RO         1479    i.UsageFault_Handler  stm32f1xx_it.o
    0x08005d92   0x08005d92   0x00000002   PAD
    0x08005d94   0x08005d94   0x0000008c   Code   RO          697    i.W25qxx_EraseSector  w25qxx.o
    0x08005e20   0x08005e20   0x000000f4   Code   RO          698    i.W25qxx_Init       w25qxx.o
    0x08005f14   0x08005f14   0x00000050   Code   RO          707    i.W25qxx_ReadID     w25qxx.o
    0x08005f64   0x08005f64   0x000000ac   Code   RO          708    i.W25qxx_ReadPage   w25qxx.o
    0x08006010   0x08006010   0x00000074   Code   RO          710    i.W25qxx_ReadStatusRegister  w25qxx.o
    0x08006084   0x08006084   0x00000058   Code   RO          711    i.W25qxx_ReadUniqID  w25qxx.o
    0x080060dc   0x080060dc   0x00000020   Code   RO          714    i.W25qxx_Spi        w25qxx.o
    0x080060fc   0x080060fc   0x00000050   Code   RO          715    i.W25qxx_WaitForWriteEnd  w25qxx.o
    0x0800614c   0x0800614c   0x00000030   Code   RO          719    i.W25qxx_WriteEnable  w25qxx.o
    0x0800617c   0x0800617c   0x000000b8   Code   RO          720    i.W25qxx_WritePage  w25qxx.o
    0x08006234   0x08006234   0x00000020   Code   RO         5497    i.__0printf         mc_w.l(printfa.o)
    0x08006254   0x08006254   0x00000028   Code   RO         5499    i.__0sprintf        mc_w.l(printfa.o)
    0x0800627c   0x0800627c   0x00000020   Code   RO         2406    i.__NVIC_SetPriority  stm32f1xx_hal_cortex.o
    0x0800629c   0x0800629c   0x0000000c   Code   RO         5565    i.__read_errno      mc_w.l(errno.o)
    0x080062a8   0x080062a8   0x0000000e   Code   RO         5597    i.__scatterload_copy  mc_w.l(handlers.o)
    0x080062b6   0x080062b6   0x00000002   Code   RO         5598    i.__scatterload_null  mc_w.l(handlers.o)
    0x080062b8   0x080062b8   0x0000000e   Code   RO         5599    i.__scatterload_zeroinit  mc_w.l(handlers.o)
    0x080062c6   0x080062c6   0x00000002   PAD
    0x080062c8   0x080062c8   0x0000000c   Code   RO         5566    i.__set_errno       mc_w.l(errno.o)
    0x080062d4   0x080062d4   0x00000184   Code   RO         5504    i._fp_digits        mc_w.l(printfa.o)
    0x08006458   0x08006458   0x0000000e   Code   RO         5586    i._is_digit         mc_w.l(scanf_fp.o)
    0x08006466   0x08006466   0x00000002   PAD
    0x08006468   0x08006468   0x000006dc   Code   RO         5505    i._printf_core      mc_w.l(printfa.o)
    0x08006b44   0x08006b44   0x00000024   Code   RO         5506    i._printf_post_padding  mc_w.l(printfa.o)
    0x08006b68   0x08006b68   0x0000002e   Code   RO         5507    i._printf_pre_padding  mc_w.l(printfa.o)
    0x08006b96   0x08006b96   0x0000000a   Code   RO         5509    i._sputc            mc_w.l(printfa.o)
    0x08006ba0   0x08006ba0   0x0000002a   Code   RO         5244    i.atof              m_ws.l(atof.o)
    0x08006bca   0x08006bca   0x00000018   Code   RO          562    i.deleteBuffer      sim808.o
    0x08006be2   0x08006be2   0x00000002   PAD
    0x08006be4   0x08006be4   0x0000004c   Code   RO          928    i.ds_init           ds18b20.o
    0x08006c30   0x08006c30   0x00000050   Code   RO          929    i.ds_read           ds18b20.o
    0x08006c80   0x08006c80   0x00000060   Code   RO          930    i.ds_write          ds18b20.o
    0x08006ce0   0x08006ce0   0x00000018   Code   RO         1037    i.fputc             main.o
    0x08006cf8   0x08006cf8   0x00000020   Code   RO          931    i.gpio_set_input    ds18b20.o
    0x08006d18   0x08006d18   0x00000024   Code   RO          932    i.gpio_set_output   ds18b20.o
    0x08006d3c   0x08006d3c   0x000002d0   Code   RO         1038    i.main              main.o
    0x0800700c   0x0800700c   0x00000020   Code   RO          563    i.simcom_puts       sim808.o
    0x0800702c   0x0800702c   0x00000054   Code   RO          564    i.simcom_receive_data_it  sim808.o
    0x08007080   0x08007080   0x00000010   Data   RO         5210    .constdata          system_stm32f1xx.o
    0x08007090   0x08007090   0x00000008   Data   RO         5211    .constdata          system_stm32f1xx.o
    0x08007098   0x08007098   0x00000040   Data   RO         5591    .constdata          mc_w.l(ctype_c.o)
    0x080070d8   0x080070d8   0x000000f8   Data   RO         1047    .conststring        main.o
    0x080071d0   0x080071d0   0x00000020   Data   RO         5595    Region$$Table       anon$$obj.o


    Execution Region RW_IRAM1 (Exec base: 0x20000000, Load base: 0x080071f0, Size: 0x00000c90, Max: 0x00005000, ABSOLUTE)

    Exec Addr    Load Addr    Size         Type   Attr      Idx    E Section Name        Object

    0x20000000   0x080071f0   0x00000001   Data   RW           20    .data               display.o
    0x20000001   0x080071f1   0x00000044   Data   RW          209    .data               lcd.o
    0x20000045   0x08007235   0x00000002   Data   RW          308    .data               solar.o
    0x20000047   0x08007237   0x00000001   PAD
    0x20000048   0x08007238   0x00000008   Data   RW          566    .data               sim808.o
    0x20000050   0x08007240   0x00000014   Data   RW         1049    .data               main.o
    0x20000064   0x08007254   0x00000004   Data   RW         1050    .data               main.o
    0x20000068   0x08007258   0x00000004   Data   RW         1051    .data               main.o
    0x2000006c   0x0800725c   0x00000001   Data   RW         1054    .data               main.o
    0x2000006d   0x0800725d   0x00000001   PAD
    0x2000006e   0x0800725e   0x00000002   Data   RW         1060    .data               main.o
    0x20000070   0x08007260   0x00000003   Data   RW         1292    .data               rtc.o
    0x20000073   0x08007263   0x00000004   Data   RW         1293    .data               rtc.o
    0x20000077   0x08007267   0x00000001   PAD
    0x20000078   0x08007268   0x0000000c   Data   RW         1943    .data               stm32f1xx_hal.o
    0x20000084   0x08007274   0x00000004   Data   RW         5212    .data               system_stm32f1xx.o
    0x20000088   0x08007278   0x00000004   Data   RW         5557    .data               mc_w.l(stdout.o)
    0x2000008c   0x0800727c   0x00000004   Data   RW         5567    .data               mc_w.l(errno.o)
    0x20000090        -       0x00000028   Zero   RW           19    .bss                display.o
    0x200000b8        -       0x0000000c   Zero   RW          208    .bss                lcd.o
    0x200000c4        -       0x0000003c   Zero   RW          307    .bss                solar.o
    0x20000100        -       0x00000198   Zero   RW          565    .bss                sim808.o
    0x20000298        -       0x00000028   Zero   RW          723    .bss                w25qxx.o
    0x200002c0        -       0x00000010   Zero   RW          933    .bss                ds18b20.o
    0x200002d0        -       0x00000250   Zero   RW         1040    .bss                main.o
    0x20000520        -       0x00000064   Zero   RW         1044    .bss                main.o
    0x20000584        -       0x000000ff   Zero   RW         1046    .bss                main.o
    0x20000683   0x08007280   0x00000001   PAD
    0x20000684        -       0x00000030   Zero   RW         1201    .bss                adc.o
    0x200006b4        -       0x000000a8   Zero   RW         1244    .bss                i2c.o
    0x2000075c        -       0x00000014   Zero   RW         1291    .bss                rtc.o
    0x20000770        -       0x00000058   Zero   RW         1335    .bss                spi.o
    0x200007c8        -       0x00000048   Zero   RW         1377    .bss                tim.o
    0x20000810        -       0x00000080   Zero   RW         1420    .bss                usart.o
    0x20000890        -       0x00000400   Zero   RW            1    STACK               startup_stm32f103xb.o


==============================================================================

Image component sizes


      Code (inc. data)   RO Data    RW Data    ZI Data      Debug   Object Name

       168         20          0          0         48       1633   adc.o
        68         10          0          0          0        505   delay.o
      1080        354          0          1         40     465139   display.o
       468         62          0          0         16       4468   ds18b20.o
       280         18          0          0          0       1003   gpio.o
       476        100          0          0          0       2042   gps.o
       312         44          0          0        168       2298   i2c.o
       682         42          0         68         12       5662   lcd.o
      1254        130        248         31        947      33030   main.o
       172         22          0          7         20       1642   rtc.o
      1776        598          0          8        408       9068   sim808.o
       660         74          0          2         60       5607   solar.o
       184         22          0          0         88       1649   spi.o
        36          8        236          0       1024        812   startup_stm32f103xb.o
       164         28          0         12          0       5965   stm32f1xx_hal.o
       922         40          0          0          0       5460   stm32f1xx_hal_adc.o
       198         14          0          0          0      28995   stm32f1xx_hal_cortex.o
       158          4          0          0          0       1686   stm32f1xx_hal_dma.o
       540         40          0          0          0       4775   stm32f1xx_hal_gpio.o
      4526         70          0          0          0      27527   stm32f1xx_hal_i2c.o
        60          8          0          0          0        862   stm32f1xx_hal_msp.o
        12          4          0          0          0        523   stm32f1xx_hal_pwr.o
      1284        106          0          0          0       5700   stm32f1xx_hal_rcc.o
       436         46          0          0          0       2561   stm32f1xx_hal_rcc_ex.o
      1412         14          0          0          0      12864   stm32f1xx_hal_rtc.o
      1672          4          0          0          0       8218   stm32f1xx_hal_spi.o
       972         26          0          0          0       9769   stm32f1xx_hal_tim.o
       108         12          0          0          0       2405   stm32f1xx_hal_tim_ex.o
      1178         10          0          0          0       9071   stm32f1xx_hal_uart.o
       108         30          0          0          0       6962   stm32f1xx_it.o
         2          0         24          4          0       1123   system_stm32f1xx.o
       160         12          0          0         72       1654   tim.o
        96         30          0          0          0        449   turbidity.o
       328         34          0          0        128       2347   usart.o
      1184        102          0          0         40       8477   w25qxx.o

    ----------------------------------------------------------------------
     23186       2138        540        136       3072     681951   Object Totals
         0          0         32          0          0          0   (incl. Generated)
        50          0          0          3          1          0   (incl. Padding)

    ----------------------------------------------------------------------

      Code (inc. data)   RO Data    RW Data    ZI Data      Debug   Library Member Name

        42          0          0          0          0         84   atof.o
        64          0          0          0          0         84   _sgetc.o
        40          6         64          0          0         68   ctype_c.o
         0          0          0          0          0          0   entry.o
         0          0          0          0          0          0   entry10a.o
         0          0          0          0          0          0   entry11a.o
         8          4          0          0          0          0   entry2.o
         4          0          0          0          0          0   entry5.o
         0          0          0          0          0          0   entry7b.o
         0          0          0          0          0          0   entry8b.o
         8          4          0          0          0          0   entry9a.o
        24         12          0          4          0        136   errno.o
        30          0          0          0          0          0   handlers.o
        36          8          0          0          0         68   init.o
        10          0          0          0          0         68   isspace_c.o
         0          0          0          0          0          0   iusefp.o
        30          0          0          0          0         68   llshl.o
        36          0          0          0          0         68   llsshr.o
        32          0          0          0          0         68   llushr.o
        36          0          0          0          0         68   memcpya.o
        36          0          0          0          0        108   memseta.o
      2308         96          0          0          0        604   printfa.o
       878         12          0          0          0        216   scanf_fp.o
         0          0          0          4          0          0   stdout.o
        14          0          0          0          0         68   strlen.o
        36          0          0          0          0         80   strstr.o
       156         12          0          0          0        120   strtod.o
        44          0          0          0          0         80   uidiv.o
        98          0          0          0          0         92   uldiv.o
        48          0          0          0          0         68   cdrcmple.o
        56          0          0          0          0         88   d2f.o
       334          0          0          0          0        148   dadd.o
       222          0          0          0          0        100   ddiv.o
       186          0          0          0          0        176   depilogue.o
        48          0          0          0          0         68   dfixul.o
        34          0          0          0          0         76   dflti.o
        26          0          0          0          0         76   dfltui.o
        24          0          0          0          0         76   dfltul.o
       228          0          0          0          0         96   dmul.o
        46          0          0          0          0         80   dscalb.o
        38          0          0          0          0         68   f2d.o
       110          0          0          0          0        168   fepilogue.o

    ----------------------------------------------------------------------
      5378        154         64          8          0       3436   Library Totals
         8          0          0          0          0          0   (incl. Padding)

    ----------------------------------------------------------------------

      Code (inc. data)   RO Data    RW Data    ZI Data      Debug   Library Name

        42          0          0          0          0         84   m_ws.l
      3928        154         64          8          0       2064   mc_w.l
      1400          0          0          0          0       1288   mf_w.l

    ----------------------------------------------------------------------
      5378        154         64          8          0       3436   Library Totals

    ----------------------------------------------------------------------

==============================================================================


      Code (inc. data)   RO Data    RW Data    ZI Data      Debug   

     28564       2292        604        144       3072     673059   Grand Totals
     28564       2292        604        144       3072     673059   ELF Image Totals
     28564       2292        604        144          0          0   ROM Totals

==============================================================================

    Total RO  Size (Code + RO Data)                29168 (  28.48kB)
    Total RW  Size (RW Data + ZI Data)              3216 (   3.14kB)
    Total ROM Size (Code + RO Data + RW Data)      29312 (  28.63kB)

==============================================================================

